#
# There is insufficient memory for the Java Runtime Environment to continue.
# Native memory allocation (malloc) failed to allocate 291216 bytes for Chunk::new
# Possible reasons:
#   The system is out of physical RAM or swap space
#   The process is running with CompressedOops enabled, and the Java Heap may be blocking the growth of the native heap
# Possible solutions:
#   Reduce memory load on the system
#   Increase physical memory or swap space
#   Check if swap backing store is full
#   Decrease Java heap size (-Xmx/-Xms)
#   Decrease number of Java threads
#   Decrease Java thread stack sizes (-Xss)
#   Set larger code cache with -XX:ReservedCodeCacheSize=
#   JVM is running with Zero Based Compressed Oops mode in which the Java heap is
#     placed in the first 32GB address space. The Java Heap base address is the
#     maximum limit for the native heap growth. Please use -XX:HeapBaseMinAddress
#     to set the Java Heap base and to place the Java Heap above 32GB virtual address.
# This output file may be truncated or incomplete.
#
#  Out of Memory Error (c:/ws/workspace/jdk-12.0.2/label/windows-x86_64/type/b11/src/hotspot/share/memory/arena.cpp:197), pid=7992, tid=2320
#
# JRE version: OpenJDK Runtime Environment (12.0.2+10) (build 12.0.2-BellSoft+10)
# Java VM: OpenJDK 64-Bit Server VM (12.0.2-BellSoft+10, mixed mode, sharing, tiered, compressed oops, g1 gc, windows-amd64)
# No core dump will be written. Minidumps are not enabled by default on client versions of Windows
#

---------------  S U M M A R Y ------------

Command Line: -Dfile.encoding=UTF-8 simrskhanza.SIMRSKhanza

Host: AMD Ryzen 5 5600G with Radeon Graphics         , 12 cores, 15G,  Windows 10 , 64 bit Build 22621 (10.0.22621.3527)
Time: Wed May 15 11:20:41 2024 Malay Peninsula Standard Time elapsed time: 3808 seconds (0d 1h 3m 28s)

---------------  T H R E A D  ---------------

Current thread (0x000001d033a8f000):  JavaThread "C2 CompilerThread0" daemon [_thread_in_native, id=2320, stack(0x000000c358f00000,0x000000c359000000)]


Current CompileTask:
C2:3808656 12676       4       java.awt.Component::dispatchEventImpl (777 bytes)

Stack: [0x000000c358f00000,0x000000c359000000]
Native frames: (J=compiled Java code, j=interpreted, Vv=VM code, C=native code)
V  [jvm.dll+0x5f783a]
V  [jvm.dll+0x7a3dce]
V  [jvm.dll+0x7a5540]
V  [jvm.dll+0x7a5ba3]
V  [jvm.dll+0x24a318]
V  [jvm.dll+0xbe0a7]
V  [jvm.dll+0xbe62c]
V  [jvm.dll+0x355b42]
V  [jvm.dll+0x19a990]
V  [jvm.dll+0x204682]
V  [jvm.dll+0x20378f]
V  [jvm.dll+0x18574b]
V  [jvm.dll+0x212643]
V  [jvm.dll+0x210a70]
V  [jvm.dll+0x767224]
V  [jvm.dll+0x760564]
V  [jvm.dll+0x5f6af6]
C  [ucrtbase.dll+0x29333]
C  [KERNEL32.DLL+0x1257d]
C  [ntdll.dll+0x5aa48]


---------------  P R O C E S S  ---------------

Threads class SMR info:
_java_thread_list=0x000001d03be64040, length=27, elements={
0x000001d0331ef000, 0x000001d0331f0000, 0x000001d0331fd800, 0x000001d033a8d000,
0x000001d033a8f000, 0x000001d033a92000, 0x000001d033a9d000, 0x000001d033d93800,
0x000001d033d7b000, 0x000001d034a15000, 0x000001d034b21800, 0x000001d03488f000,
0x000001d034e58000, 0x000001d0349d0000, 0x000001d00e28b000, 0x000001d0354b7000,
0x000001d03b240800, 0x000001d03bc84800, 0x000001d035263800, 0x000001d03526a000,
0x000001d035265000, 0x000001d035264000, 0x000001d03da5b000, 0x000001d03da5d000,
0x000001d03da61000, 0x000001d03da60000, 0x000001d03da5c000
}

Java Threads: ( => current thread )
  0x000001d0331ef000 JavaThread "Reference Handler" daemon [_thread_blocked, id=3956, stack(0x000000c358b00000,0x000000c358c00000)]
  0x000001d0331f0000 JavaThread "Finalizer" daemon [_thread_blocked, id=15972, stack(0x000000c358c00000,0x000000c358d00000)]
  0x000001d0331fd800 JavaThread "Signal Dispatcher" daemon [_thread_blocked, id=10888, stack(0x000000c358d00000,0x000000c358e00000)]
  0x000001d033a8d000 JavaThread "Attach Listener" daemon [_thread_blocked, id=11776, stack(0x000000c358e00000,0x000000c358f00000)]
=>0x000001d033a8f000 JavaThread "C2 CompilerThread0" daemon [_thread_in_native, id=2320, stack(0x000000c358f00000,0x000000c359000000)]
  0x000001d033a92000 JavaThread "C1 CompilerThread0" daemon [_thread_blocked, id=3988, stack(0x000000c359000000,0x000000c359100000)]
  0x000001d033a9d000 JavaThread "Sweeper thread" daemon [_thread_blocked, id=13008, stack(0x000000c359100000,0x000000c359200000)]
  0x000001d033d93800 JavaThread "Service Thread" daemon [_thread_blocked, id=13728, stack(0x000000c359200000,0x000000c359300000)]
  0x000001d033d7b000 JavaThread "Common-Cleaner" daemon [_thread_blocked, id=8652, stack(0x000000c359400000,0x000000c359500000)]
  0x000001d034a15000 JavaThread "Java2D Disposer" daemon [_thread_blocked, id=16936, stack(0x000000c359a00000,0x000000c359b00000)]
  0x000001d034b21800 JavaThread "AWT-Shutdown" [_thread_blocked, id=9140, stack(0x000000c359b00000,0x000000c359c00000)]
  0x000001d03488f000 JavaThread "AWT-Windows" daemon [_thread_in_native, id=12744, stack(0x000000c359c00000,0x000000c359d00000)]
  0x000001d034e58000 JavaThread "AWT-EventQueue-0" [_thread_blocked, id=17116, stack(0x000000c359e00000,0x000000c359f00000)]
  0x000001d0349d0000 JavaThread "Swing-Shell" daemon [_thread_blocked, id=12732, stack(0x000000c359f00000,0x000000c35a000000)]
  0x000001d00e28b000 JavaThread "DestroyJavaVM" [_thread_blocked, id=13104, stack(0x000000c358400000,0x000000c358500000)]
  0x000001d0354b7000 JavaThread "Abandoned connection cleanup thread" daemon [_thread_blocked, id=17840, stack(0x000000c35ae00000,0x000000c35af00000)]
  0x000001d03b240800 JavaThread "TimerQueue" daemon [_thread_blocked, id=12216, stack(0x000000c35b100000,0x000000c35b200000)]
  0x000001d03bc84800 JavaThread "QuantumRenderer-0" daemon [_thread_blocked, id=2884, stack(0x000000c35b600000,0x000000c35b700000)]
  0x000001d035263800 JavaThread "InvokeLaterDispatcher" daemon [_thread_in_native, id=8168, stack(0x000000c35b700000,0x000000c35b800000)]
  0x000001d03526a000 JavaThread "JavaFX Application Thread" [_thread_in_native, id=6152, stack(0x000000c35b800000,0x000000c35b900000)]
  0x000001d035265000 JavaThread "Thread-2" daemon [_thread_in_native, id=9356, stack(0x000000c35b300000,0x000000c35b400000)]
  0x000001d035264000 JavaThread "D3D Screen Updater" daemon [_thread_blocked, id=18316, stack(0x000000c35b400000,0x000000c35b500000)]
  0x000001d03da5b000 JavaThread "Prism Font Disposer" daemon [_thread_blocked, id=14004, stack(0x000000c35b500000,0x000000c35b600000)]
  0x000001d03da5d000 JavaThread "Disposer" daemon [_thread_blocked, id=10556, stack(0x000000c35c200000,0x000000c35c300000)]
  0x000001d03da61000 JavaThread "Batik CleanerThread" daemon [_thread_blocked, id=8736, stack(0x000000c35c700000,0x000000c35c800000)]
  0x000001d03da60000 JavaThread "PrinterListener" daemon [_thread_in_native, id=18024, stack(0x000000c35c800000,0x000000c35c900000)]
  0x000001d03da5c000 JavaThread "RemotePrinterListener" daemon [_thread_blocked, id=12192, stack(0x000000c35c900000,0x000000c35ca00000)]

Other Threads:
  0x000001d0331ed000 VMThread "VM Thread" [stack: 0x000000c358a00000,0x000000c358b00000] [id=8592]
  0x000001d033d94000 WatcherThread [stack: 0x000000c359300000,0x000000c359400000] [id=16300]
  0x000001d00e2ee000 GCTaskThread "GC Thread#0" [stack: 0x000000c358500000,0x000000c358600000] [id=6776]
  0x000001d03441a800 GCTaskThread "GC Thread#1" [stack: 0x000000c359600000,0x000000c359700000] [id=7668]
  0x000001d03484a000 GCTaskThread "GC Thread#2" [stack: 0x000000c359700000,0x000000c359800000] [id=13132]
  0x000001d033dfd800 GCTaskThread "GC Thread#3" [stack: 0x000000c359800000,0x000000c359900000] [id=13012]
  0x000001d0349c0000 GCTaskThread "GC Thread#4" [stack: 0x000000c359900000,0x000000c359a00000] [id=11108]
  0x000001d0356b2000 GCTaskThread "GC Thread#5" [stack: 0x000000c35af00000,0x000000c35b000000] [id=2940]
  0x000001d03b717800 GCTaskThread "GC Thread#6" [stack: 0x000000c35c000000,0x000000c35c100000] [id=14568]
  0x000001d03de26000 GCTaskThread "GC Thread#7" [stack: 0x000000c35c100000,0x000000c35c200000] [id=2072]
  0x000001d03daed800 GCTaskThread "GC Thread#8" [stack: 0x000000c35ce00000,0x000000c35cf00000] [id=13020]
  0x000001d034d64800 GCTaskThread "GC Thread#9" [stack: 0x000000c35cf00000,0x000000c35d000000] [id=9168]
  0x000001d00e308000 ConcurrentGCThread "G1 Main Marker" [stack: 0x000000c358600000,0x000000c358700000] [id=11808]
  0x000001d00e30a800 ConcurrentGCThread "G1 Conc#0" [stack: 0x000000c358700000,0x000000c358800000] [id=7124]
  0x000001d03b564800 ConcurrentGCThread "G1 Conc#1" [stack: 0x000000c359500000,0x000000c359600000] [id=9388]
  0x000001d03b3d6000 ConcurrentGCThread "G1 Conc#2" [stack: 0x000000c35ad00000,0x000000c35ae00000] [id=9928]
  0x000001d0330e3000 ConcurrentGCThread "G1 Refine#0" [stack: 0x000000c358800000,0x000000c358900000] [id=7388]
  0x000001d0330e4000 ConcurrentGCThread "G1 Young RemSet Sampling" [stack: 0x000000c358900000,0x000000c358a00000] [id=17180]

Threads with active compile tasks:
C2 CompilerThread0  12676       4       java.awt.Component::dispatchEventImpl (777 bytes)

VM state:not at safepoint (normal execution)

VM Mutex/Monitor currently owned by a thread: None

Heap address: 0x000000070a000000, size: 3936 MB, Compressed Oops mode: Zero based, Oop shift amount: 3
Narrow klass base: 0x0000000800000000, Narrow klass shift: 3
Compressed class space size: 1073741824 Address: 0x0000000801190000

Heap:
 garbage-first heap   total 362496K, used 250483K [0x000000070a000000, 0x0000000800000000)
  region size 1024K, 79 young (80896K), 12 survivors (12288K)
 Metaspace       used 73841K, capacity 75538K, committed 75728K, reserved 1114112K
  class space    used 10116K, capacity 10751K, committed 10752K, reserved 1048576K
Heap Regions: E=young(eden), S=young(survivor), O=old, HS=humongous(starts), HC=humongous(continues), CS=collection set, F=free, A=archive, TAMS=top-at-mark-start (previous, next)
|   0|0x000000070a000000, 0x000000070a100000, 0x000000070a100000|100%|HS|  |TAMS 0x000000070a100000, 0x000000070a000000| Complete 
|   1|0x000000070a100000, 0x000000070a200000, 0x000000070a200000|100%|HS|  |TAMS 0x000000070a200000, 0x000000070a100000| Complete 
|   2|0x000000070a200000, 0x000000070a300000, 0x000000070a300000|100%|HS|  |TAMS 0x000000070a300000, 0x000000070a200000| Complete 
|   3|0x000000070a300000, 0x000000070a400000, 0x000000070a400000|100%|HC|  |TAMS 0x000000070a400000, 0x000000070a300000| Complete 
|   4|0x000000070a400000, 0x000000070a500000, 0x000000070a500000|100%| O|  |TAMS 0x000000070a500000, 0x000000070a400000| Untracked 
|   5|0x000000070a500000, 0x000000070a600000, 0x000000070a600000|100%| O|  |TAMS 0x000000070a600000, 0x000000070a500000| Untracked 
|   6|0x000000070a600000, 0x000000070a700000, 0x000000070a700000|100%| O|  |TAMS 0x000000070a700000, 0x000000070a600000| Untracked 
|   7|0x000000070a700000, 0x000000070a800000, 0x000000070a800000|100%| O|  |TAMS 0x000000070a800000, 0x000000070a700000| Untracked 
|   8|0x000000070a800000, 0x000000070a900000, 0x000000070a900000|100%| O|  |TAMS 0x000000070a900000, 0x000000070a800000| Untracked 
|   9|0x000000070a900000, 0x000000070aa00000, 0x000000070aa00000|100%| O|  |TAMS 0x000000070aa00000, 0x000000070a900000| Untracked 
|  10|0x000000070aa00000, 0x000000070ab00000, 0x000000070ab00000|100%| O|  |TAMS 0x000000070ab00000, 0x000000070aa00000| Untracked 
|  11|0x000000070ab00000, 0x000000070ac00000, 0x000000070ac00000|100%| O|  |TAMS 0x000000070ac00000, 0x000000070ab00000| Untracked 
|  12|0x000000070ac00000, 0x000000070ad00000, 0x000000070ad00000|100%| O|  |TAMS 0x000000070ad00000, 0x000000070ac00000| Untracked 
|  13|0x000000070ad00000, 0x000000070ae00000, 0x000000070ae00000|100%| O|  |TAMS 0x000000070ae00000, 0x000000070ad00000| Untracked 
|  14|0x000000070ae00000, 0x000000070af00000, 0x000000070af00000|100%| O|  |TAMS 0x000000070af00000, 0x000000070ae00000| Untracked 
|  15|0x000000070af00000, 0x000000070b000000, 0x000000070b000000|100%| O|  |TAMS 0x000000070b000000, 0x000000070af00000| Untracked 
|  16|0x000000070b000000, 0x000000070b100000, 0x000000070b100000|100%| O|  |TAMS 0x000000070b100000, 0x000000070b000000| Untracked 
|  17|0x000000070b100000, 0x000000070b200000, 0x000000070b200000|100%| O|  |TAMS 0x000000070b200000, 0x000000070b100000| Untracked 
|  18|0x000000070b200000, 0x000000070b300000, 0x000000070b300000|100%| O|  |TAMS 0x000000070b300000, 0x000000070b200000| Untracked 
|  19|0x000000070b300000, 0x000000070b400000, 0x000000070b400000|100%| O|  |TAMS 0x000000070b400000, 0x000000070b300000| Untracked 
|  20|0x000000070b400000, 0x000000070b500000, 0x000000070b500000|100%| O|  |TAMS 0x000000070b500000, 0x000000070b400000| Untracked 
|  21|0x000000070b500000, 0x000000070b600000, 0x000000070b600000|100%| O|  |TAMS 0x000000070b600000, 0x000000070b500000| Untracked 
|  22|0x000000070b600000, 0x000000070b6aba00, 0x000000070b700000| 67%| O|  |TAMS 0x000000070b6aba00, 0x000000070b600000| Untracked 
|  23|0x000000070b700000, 0x000000070b800000, 0x000000070b800000|100%| O|  |TAMS 0x000000070b800000, 0x000000070b700000| Untracked 
|  24|0x000000070b800000, 0x000000070b900000, 0x000000070b900000|100%| O|  |TAMS 0x000000070b900000, 0x000000070b800000| Untracked 
|  25|0x000000070b900000, 0x000000070ba00000, 0x000000070ba00000|100%| O|  |TAMS 0x000000070ba00000, 0x000000070b900000| Untracked 
|  26|0x000000070ba00000, 0x000000070bb00000, 0x000000070bb00000|100%| O|  |TAMS 0x000000070bb00000, 0x000000070ba00000| Untracked 
|  27|0x000000070bb00000, 0x000000070bc00000, 0x000000070bc00000|100%| O|  |TAMS 0x000000070bc00000, 0x000000070bb00000| Untracked 
|  28|0x000000070bc00000, 0x000000070bd00000, 0x000000070bd00000|100%| O|  |TAMS 0x000000070bd00000, 0x000000070bc00000| Untracked 
|  29|0x000000070bd00000, 0x000000070be00000, 0x000000070be00000|100%| O|  |TAMS 0x000000070be00000, 0x000000070bd00000| Untracked 
|  30|0x000000070be00000, 0x000000070bf00000, 0x000000070bf00000|100%| O|  |TAMS 0x000000070bf00000, 0x000000070be00000| Untracked 
|  31|0x000000070bf00000, 0x000000070c000000, 0x000000070c000000|100%| O|  |TAMS 0x000000070c000000, 0x000000070bf00000| Untracked 
|  32|0x000000070c000000, 0x000000070c100000, 0x000000070c100000|100%| O|  |TAMS 0x000000070c100000, 0x000000070c000000| Untracked 
|  33|0x000000070c100000, 0x000000070c200000, 0x000000070c200000|100%| O|  |TAMS 0x000000070c200000, 0x000000070c100000| Untracked 
|  34|0x000000070c200000, 0x000000070c300000, 0x000000070c300000|100%| O|  |TAMS 0x000000070c300000, 0x000000070c200000| Untracked 
|  35|0x000000070c300000, 0x000000070c400000, 0x000000070c400000|100%| O|  |TAMS 0x000000070c400000, 0x000000070c300000| Untracked 
|  36|0x000000070c400000, 0x000000070c500000, 0x000000070c500000|100%| O|  |TAMS 0x000000070c500000, 0x000000070c400000| Untracked 
|  37|0x000000070c500000, 0x000000070c600000, 0x000000070c600000|100%| O|  |TAMS 0x000000070c600000, 0x000000070c500000| Untracked 
|  38|0x000000070c600000, 0x000000070c700000, 0x000000070c700000|100%| O|  |TAMS 0x000000070c700000, 0x000000070c600000| Untracked 
|  39|0x000000070c700000, 0x000000070c800000, 0x000000070c800000|100%| O|  |TAMS 0x000000070c800000, 0x000000070c700000| Untracked 
|  40|0x000000070c800000, 0x000000070c900000, 0x000000070c900000|100%| O|  |TAMS 0x000000070c900000, 0x000000070c800000| Untracked 
|  41|0x000000070c900000, 0x000000070ca00000, 0x000000070ca00000|100%| O|  |TAMS 0x000000070ca00000, 0x000000070c900000| Untracked 
|  42|0x000000070ca00000, 0x000000070cb00000, 0x000000070cb00000|100%| O|  |TAMS 0x000000070cb00000, 0x000000070ca00000| Untracked 
|  43|0x000000070cb00000, 0x000000070cc00000, 0x000000070cc00000|100%| O|  |TAMS 0x000000070cc00000, 0x000000070cb00000| Untracked 
|  44|0x000000070cc00000, 0x000000070cd00000, 0x000000070cd00000|100%| O|  |TAMS 0x000000070cd00000, 0x000000070cc00000| Untracked 
|  45|0x000000070cd00000, 0x000000070ce00000, 0x000000070ce00000|100%| O|  |TAMS 0x000000070ce00000, 0x000000070cd00000| Untracked 
|  46|0x000000070ce00000, 0x000000070cf00000, 0x000000070cf00000|100%| O|  |TAMS 0x000000070cf00000, 0x000000070ce00000| Untracked 
|  47|0x000000070cf00000, 0x000000070d000000, 0x000000070d000000|100%| O|  |TAMS 0x000000070d000000, 0x000000070cf00000| Untracked 
|  48|0x000000070d000000, 0x000000070d100000, 0x000000070d100000|100%| O|  |TAMS 0x000000070d100000, 0x000000070d000000| Untracked 
|  49|0x000000070d100000, 0x000000070d200000, 0x000000070d200000|100%| O|  |TAMS 0x000000070d200000, 0x000000070d100000| Untracked 
|  50|0x000000070d200000, 0x000000070d300000, 0x000000070d300000|100%| O|  |TAMS 0x000000070d300000, 0x000000070d200000| Untracked 
|  51|0x000000070d300000, 0x000000070d400000, 0x000000070d400000|100%| O|  |TAMS 0x000000070d400000, 0x000000070d300000| Untracked 
|  52|0x000000070d400000, 0x000000070d500000, 0x000000070d500000|100%| O|  |TAMS 0x000000070d500000, 0x000000070d400000| Untracked 
|  53|0x000000070d500000, 0x000000070d600000, 0x000000070d600000|100%| O|  |TAMS 0x000000070d600000, 0x000000070d500000| Untracked 
|  54|0x000000070d600000, 0x000000070d700000, 0x000000070d700000|100%| O|  |TAMS 0x000000070d700000, 0x000000070d600000| Untracked 
|  55|0x000000070d700000, 0x000000070d800000, 0x000000070d800000|100%| O|  |TAMS 0x000000070d800000, 0x000000070d700000| Untracked 
|  56|0x000000070d800000, 0x000000070d900000, 0x000000070d900000|100%| O|  |TAMS 0x000000070d900000, 0x000000070d800000| Untracked 
|  57|0x000000070d900000, 0x000000070da00000, 0x000000070da00000|100%| O|  |TAMS 0x000000070da00000, 0x000000070d900000| Untracked 
|  58|0x000000070da00000, 0x000000070db00000, 0x000000070db00000|100%| O|  |TAMS 0x000000070db00000, 0x000000070da00000| Untracked 
|  59|0x000000070db00000, 0x000000070dc00000, 0x000000070dc00000|100%| O|  |TAMS 0x000000070dc00000, 0x000000070db00000| Untracked 
|  60|0x000000070dc00000, 0x000000070dd00000, 0x000000070dd00000|100%| O|  |TAMS 0x000000070dd00000, 0x000000070dc00000| Untracked 
|  61|0x000000070dd00000, 0x000000070de00000, 0x000000070de00000|100%| O|  |TAMS 0x000000070de00000, 0x000000070dd00000| Untracked 
|  62|0x000000070de00000, 0x000000070df00000, 0x000000070df00000|100%| O|  |TAMS 0x000000070df00000, 0x000000070de00000| Untracked 
|  63|0x000000070df00000, 0x000000070e000000, 0x000000070e000000|100%| O|  |TAMS 0x000000070e000000, 0x000000070df00000| Untracked 
|  64|0x000000070e000000, 0x000000070e100000, 0x000000070e100000|100%| O|  |TAMS 0x000000070e100000, 0x000000070e000000| Untracked 
|  65|0x000000070e100000, 0x000000070e200000, 0x000000070e200000|100%| O|  |TAMS 0x000000070e200000, 0x000000070e100000| Untracked 
|  66|0x000000070e200000, 0x000000070e300000, 0x000000070e300000|100%| O|  |TAMS 0x000000070e300000, 0x000000070e200000| Untracked 
|  67|0x000000070e300000, 0x000000070e400000, 0x000000070e400000|100%| O|  |TAMS 0x000000070e400000, 0x000000070e300000| Untracked 
|  68|0x000000070e400000, 0x000000070e500000, 0x000000070e500000|100%| O|  |TAMS 0x000000070e500000, 0x000000070e400000| Untracked 
|  69|0x000000070e500000, 0x000000070e600000, 0x000000070e600000|100%| O|  |TAMS 0x000000070e600000, 0x000000070e500000| Untracked 
|  70|0x000000070e600000, 0x000000070e700000, 0x000000070e700000|100%| O|  |TAMS 0x000000070e700000, 0x000000070e600000| Untracked 
|  71|0x000000070e700000, 0x000000070e800000, 0x000000070e800000|100%| O|  |TAMS 0x000000070e800000, 0x000000070e700000| Untracked 
|  72|0x000000070e800000, 0x000000070e900000, 0x000000070e900000|100%| O|  |TAMS 0x000000070e900000, 0x000000070e800000| Untracked 
|  73|0x000000070e900000, 0x000000070ea00000, 0x000000070ea00000|100%|HS|  |TAMS 0x000000070ea00000, 0x000000070e900000| Complete 
|  74|0x000000070ea00000, 0x000000070eb00000, 0x000000070eb00000|100%| O|  |TAMS 0x000000070eb00000, 0x000000070ea00000| Untracked 
|  75|0x000000070eb00000, 0x000000070ec00000, 0x000000070ec00000|100%| O|  |TAMS 0x000000070ec00000, 0x000000070eb00000| Untracked 
|  76|0x000000070ec00000, 0x000000070ed00000, 0x000000070ed00000|100%| O|  |TAMS 0x000000070ed00000, 0x000000070ec00000| Untracked 
|  77|0x000000070ed00000, 0x000000070ee00000, 0x000000070ee00000|100%| O|  |TAMS 0x000000070ee00000, 0x000000070ed00000| Untracked 
|  78|0x000000070ee00000, 0x000000070ef00000, 0x000000070ef00000|100%| O|  |TAMS 0x000000070ef00000, 0x000000070ee00000| Untracked 
|  79|0x000000070ef00000, 0x000000070f000000, 0x000000070f000000|100%| O|  |TAMS 0x000000070f000000, 0x000000070ef00000| Untracked 
|  80|0x000000070f000000, 0x000000070f100000, 0x000000070f100000|100%| O|  |TAMS 0x000000070f100000, 0x000000070f000000| Untracked 
|  81|0x000000070f100000, 0x000000070f200000, 0x000000070f200000|100%| O|  |TAMS 0x000000070f200000, 0x000000070f100000| Untracked 
|  82|0x000000070f200000, 0x000000070f300000, 0x000000070f300000|100%|HS|  |TAMS 0x000000070f300000, 0x000000070f200000| Complete 
|  83|0x000000070f300000, 0x000000070f400000, 0x000000070f400000|100%|HC|  |TAMS 0x000000070f400000, 0x000000070f300000| Complete 
|  84|0x000000070f400000, 0x000000070f500000, 0x000000070f500000|100%|HC|  |TAMS 0x000000070f500000, 0x000000070f400000| Complete 
|  85|0x000000070f500000, 0x000000070f600000, 0x000000070f600000|100%|HC|  |TAMS 0x000000070f600000, 0x000000070f500000| Complete 
|  86|0x000000070f600000, 0x000000070f700000, 0x000000070f700000|100%|HC|  |TAMS 0x000000070f700000, 0x000000070f600000| Complete 
|  87|0x000000070f700000, 0x000000070f800000, 0x000000070f800000|100%|HC|  |TAMS 0x000000070f800000, 0x000000070f700000| Complete 
|  88|0x000000070f800000, 0x000000070f900000, 0x000000070f900000|100%|HC|  |TAMS 0x000000070f900000, 0x000000070f800000| Complete 
|  89|0x000000070f900000, 0x000000070fa00000, 0x000000070fa00000|100%|HC|  |TAMS 0x000000070fa00000, 0x000000070f900000| Complete 
|  90|0x000000070fa00000, 0x000000070fb00000, 0x000000070fb00000|100%| O|  |TAMS 0x000000070fb00000, 0x000000070fa00000| Untracked 
|  91|0x000000070fb00000, 0x000000070fc00000, 0x000000070fc00000|100%| O|  |TAMS 0x000000070fc00000, 0x000000070fb00000| Untracked 
|  92|0x000000070fc00000, 0x000000070fd00000, 0x000000070fd00000|100%| O|  |TAMS 0x000000070fd00000, 0x000000070fc00000| Untracked 
|  93|0x000000070fd00000, 0x000000070fe00000, 0x000000070fe00000|100%| O|  |TAMS 0x000000070fe00000, 0x000000070fd00000| Untracked 
|  94|0x000000070fe00000, 0x000000070ff00000, 0x000000070ff00000|100%| O|  |TAMS 0x000000070ff00000, 0x000000070fe00000| Untracked 
|  95|0x000000070ff00000, 0x000000070ff00000, 0x0000000710000000|  0%| F|  |TAMS 0x000000070ff00000, 0x000000070ff00000| Untracked 
|  96|0x0000000710000000, 0x0000000710000000, 0x0000000710100000|  0%| F|  |TAMS 0x0000000710000000, 0x0000000710000000| Untracked 
|  97|0x0000000710100000, 0x0000000710200000, 0x0000000710200000|100%| O|  |TAMS 0x0000000710200000, 0x0000000710100000| Untracked 
|  98|0x0000000710200000, 0x0000000710300000, 0x0000000710300000|100%| O|  |TAMS 0x0000000710300000, 0x0000000710200000| Untracked 
|  99|0x0000000710300000, 0x0000000710400000, 0x0000000710400000|100%|HS|  |TAMS 0x0000000710400000, 0x0000000710300000| Complete 
| 100|0x0000000710400000, 0x0000000710500000, 0x0000000710500000|100%|HC|  |TAMS 0x0000000710500000, 0x0000000710400000| Complete 
| 101|0x0000000710500000, 0x0000000710600000, 0x0000000710600000|100%|HC|  |TAMS 0x0000000710600000, 0x0000000710500000| Complete 
| 102|0x0000000710600000, 0x0000000710700000, 0x0000000710700000|100%|HC|  |TAMS 0x0000000710700000, 0x0000000710600000| Complete 
| 103|0x0000000710700000, 0x0000000710800000, 0x0000000710800000|100%|HC|  |TAMS 0x0000000710800000, 0x0000000710700000| Complete 
| 104|0x0000000710800000, 0x0000000710900000, 0x0000000710900000|100%|HC|  |TAMS 0x0000000710900000, 0x0000000710800000| Complete 
| 105|0x0000000710900000, 0x0000000710a00000, 0x0000000710a00000|100%|HC|  |TAMS 0x0000000710a00000, 0x0000000710900000| Complete 
| 106|0x0000000710a00000, 0x0000000710b00000, 0x0000000710b00000|100%|HC|  |TAMS 0x0000000710b00000, 0x0000000710a00000| Complete 
| 107|0x0000000710b00000, 0x0000000710c00000, 0x0000000710c00000|100%|HC|  |TAMS 0x0000000710c00000, 0x0000000710b00000| Complete 
| 108|0x0000000710c00000, 0x0000000710d00000, 0x0000000710d00000|100%|HC|  |TAMS 0x0000000710d00000, 0x0000000710c00000| Complete 
| 109|0x0000000710d00000, 0x0000000710e00000, 0x0000000710e00000|100%|HC|  |TAMS 0x0000000710e00000, 0x0000000710d00000| Complete 
| 110|0x0000000710e00000, 0x0000000710f00000, 0x0000000710f00000|100%|HC|  |TAMS 0x0000000710f00000, 0x0000000710e00000| Complete 
| 111|0x0000000710f00000, 0x0000000711000000, 0x0000000711000000|100%|HC|  |TAMS 0x0000000711000000, 0x0000000710f00000| Complete 
| 112|0x0000000711000000, 0x0000000711100000, 0x0000000711100000|100%|HC|  |TAMS 0x0000000711100000, 0x0000000711000000| Complete 
| 113|0x0000000711100000, 0x0000000711200000, 0x0000000711200000|100%|HC|  |TAMS 0x0000000711200000, 0x0000000711100000| Complete 
| 114|0x0000000711200000, 0x0000000711300000, 0x0000000711300000|100%|HC|  |TAMS 0x0000000711300000, 0x0000000711200000| Complete 
| 115|0x0000000711300000, 0x0000000711400000, 0x0000000711400000|100%|HC|  |TAMS 0x0000000711400000, 0x0000000711300000| Complete 
| 116|0x0000000711400000, 0x0000000711500000, 0x0000000711500000|100%|HC|  |TAMS 0x0000000711500000, 0x0000000711400000| Complete 
| 117|0x0000000711500000, 0x0000000711600000, 0x0000000711600000|100%|HC|  |TAMS 0x0000000711600000, 0x0000000711500000| Complete 
| 118|0x0000000711600000, 0x0000000711700000, 0x0000000711700000|100%|HC|  |TAMS 0x0000000711700000, 0x0000000711600000| Complete 
| 119|0x0000000711700000, 0x0000000711800000, 0x0000000711800000|100%|HC|  |TAMS 0x0000000711800000, 0x0000000711700000| Complete 
| 120|0x0000000711800000, 0x0000000711900000, 0x0000000711900000|100%|HC|  |TAMS 0x0000000711900000, 0x0000000711800000| Complete 
| 121|0x0000000711900000, 0x0000000711a00000, 0x0000000711a00000|100%|HC|  |TAMS 0x0000000711a00000, 0x0000000711900000| Complete 
| 122|0x0000000711a00000, 0x0000000711b00000, 0x0000000711b00000|100%|HC|  |TAMS 0x0000000711b00000, 0x0000000711a00000| Complete 
| 123|0x0000000711b00000, 0x0000000711c00000, 0x0000000711c00000|100%|HC|  |TAMS 0x0000000711c00000, 0x0000000711b00000| Complete 
| 124|0x0000000711c00000, 0x0000000711d00000, 0x0000000711d00000|100%|HC|  |TAMS 0x0000000711d00000, 0x0000000711c00000| Complete 
| 125|0x0000000711d00000, 0x0000000711e00000, 0x0000000711e00000|100%|HC|  |TAMS 0x0000000711e00000, 0x0000000711d00000| Complete 
| 126|0x0000000711e00000, 0x0000000711f00000, 0x0000000711f00000|100%|HC|  |TAMS 0x0000000711f00000, 0x0000000711e00000| Complete 
| 127|0x0000000711f00000, 0x0000000712000000, 0x0000000712000000|100%|HC|  |TAMS 0x0000000712000000, 0x0000000711f00000| Complete 
| 128|0x0000000712000000, 0x0000000712100000, 0x0000000712100000|100%|HC|  |TAMS 0x0000000712100000, 0x0000000712000000| Complete 
| 129|0x0000000712100000, 0x0000000712200000, 0x0000000712200000|100%|HC|  |TAMS 0x0000000712200000, 0x0000000712100000| Complete 
| 130|0x0000000712200000, 0x0000000712300000, 0x0000000712300000|100%|HC|  |TAMS 0x0000000712300000, 0x0000000712200000| Complete 
| 131|0x0000000712300000, 0x0000000712400000, 0x0000000712400000|100%|HC|  |TAMS 0x0000000712400000, 0x0000000712300000| Complete 
| 132|0x0000000712400000, 0x0000000712500000, 0x0000000712500000|100%|HC|  |TAMS 0x0000000712500000, 0x0000000712400000| Complete 
| 133|0x0000000712500000, 0x0000000712600000, 0x0000000712600000|100%|HC|  |TAMS 0x0000000712600000, 0x0000000712500000| Complete 
| 134|0x0000000712600000, 0x0000000712700000, 0x0000000712700000|100%|HC|  |TAMS 0x0000000712700000, 0x0000000712600000| Complete 
| 135|0x0000000712700000, 0x0000000712800000, 0x0000000712800000|100%|HC|  |TAMS 0x0000000712800000, 0x0000000712700000| Complete 
| 136|0x0000000712800000, 0x0000000712900000, 0x0000000712900000|100%|HC|  |TAMS 0x0000000712900000, 0x0000000712800000| Complete 
| 137|0x0000000712900000, 0x0000000712a00000, 0x0000000712a00000|100%|HC|  |TAMS 0x0000000712a00000, 0x0000000712900000| Complete 
| 138|0x0000000712a00000, 0x0000000712b00000, 0x0000000712b00000|100%|HC|  |TAMS 0x0000000712b00000, 0x0000000712a00000| Complete 
| 139|0x0000000712b00000, 0x0000000712c00000, 0x0000000712c00000|100%|HC|  |TAMS 0x0000000712c00000, 0x0000000712b00000| Complete 
| 140|0x0000000712c00000, 0x0000000712d00000, 0x0000000712d00000|100%|HC|  |TAMS 0x0000000712d00000, 0x0000000712c00000| Complete 
| 141|0x0000000712d00000, 0x0000000712e00000, 0x0000000712e00000|100%|HC|  |TAMS 0x0000000712e00000, 0x0000000712d00000| Complete 
| 142|0x0000000712e00000, 0x0000000712f00000, 0x0000000712f00000|100%|HC|  |TAMS 0x0000000712f00000, 0x0000000712e00000| Complete 
| 143|0x0000000712f00000, 0x0000000713000000, 0x0000000713000000|100%|HC|  |TAMS 0x0000000713000000, 0x0000000712f00000| Complete 
| 144|0x0000000713000000, 0x0000000713100000, 0x0000000713100000|100%|HC|  |TAMS 0x0000000713100000, 0x0000000713000000| Complete 
| 145|0x0000000713100000, 0x0000000713200000, 0x0000000713200000|100%|HC|  |TAMS 0x0000000713200000, 0x0000000713100000| Complete 
| 146|0x0000000713200000, 0x0000000713300000, 0x0000000713300000|100%|HC|  |TAMS 0x0000000713300000, 0x0000000713200000| Complete 
| 147|0x0000000713300000, 0x0000000713400000, 0x0000000713400000|100%|HC|  |TAMS 0x0000000713400000, 0x0000000713300000| Complete 
| 148|0x0000000713400000, 0x0000000713500000, 0x0000000713500000|100%|HC|  |TAMS 0x0000000713500000, 0x0000000713400000| Complete 
| 149|0x0000000713500000, 0x0000000713600000, 0x0000000713600000|100%|HC|  |TAMS 0x0000000713600000, 0x0000000713500000| Complete 
| 150|0x0000000713600000, 0x0000000713700000, 0x0000000713700000|100%|HC|  |TAMS 0x0000000713700000, 0x0000000713600000| Complete 
| 151|0x0000000713700000, 0x0000000713800000, 0x0000000713800000|100%|HC|  |TAMS 0x0000000713800000, 0x0000000713700000| Complete 
| 152|0x0000000713800000, 0x0000000713900000, 0x0000000713900000|100%|HC|  |TAMS 0x0000000713900000, 0x0000000713800000| Complete 
| 153|0x0000000713900000, 0x0000000713a00000, 0x0000000713a00000|100%|HC|  |TAMS 0x0000000713a00000, 0x0000000713900000| Complete 
| 154|0x0000000713a00000, 0x0000000713b00000, 0x0000000713b00000|100%|HC|  |TAMS 0x0000000713b00000, 0x0000000713a00000| Complete 
| 155|0x0000000713b00000, 0x0000000713c00000, 0x0000000713c00000|100%|HS|  |TAMS 0x0000000713c00000, 0x0000000713b00000| Complete 
| 156|0x0000000713c00000, 0x0000000713d00000, 0x0000000713d00000|100%|HC|  |TAMS 0x0000000713d00000, 0x0000000713c00000| Complete 
| 157|0x0000000713d00000, 0x0000000713e00000, 0x0000000713e00000|100%|HC|  |TAMS 0x0000000713e00000, 0x0000000713d00000| Complete 
| 158|0x0000000713e00000, 0x0000000713f00000, 0x0000000713f00000|100%|HS|  |TAMS 0x0000000713e00000, 0x0000000713e00000| Complete 
| 159|0x0000000713f00000, 0x0000000714000000, 0x0000000714000000|100%|HC|  |TAMS 0x0000000713f00000, 0x0000000713f00000| Complete 
| 160|0x0000000714000000, 0x0000000714000000, 0x0000000714100000|  0%| F|  |TAMS 0x0000000714000000, 0x0000000714000000| Untracked 
| 161|0x0000000714100000, 0x0000000714200000, 0x0000000714200000|100%| O|  |TAMS 0x0000000714200000, 0x0000000714100000| Untracked 
| 162|0x0000000714200000, 0x0000000714300000, 0x0000000714300000|100%| O|  |TAMS 0x0000000714300000, 0x0000000714200000| Untracked 
| 163|0x0000000714300000, 0x0000000714400000, 0x0000000714400000|100%| O|  |TAMS 0x0000000714400000, 0x0000000714300000| Untracked 
| 164|0x0000000714400000, 0x0000000714500000, 0x0000000714500000|100%| O|  |TAMS 0x0000000714500000, 0x0000000714400000| Untracked 
| 165|0x0000000714500000, 0x0000000714600000, 0x0000000714600000|100%| O|  |TAMS 0x0000000714600000, 0x0000000714500000| Untracked 
| 166|0x0000000714600000, 0x0000000714700000, 0x0000000714700000|100%| O|  |TAMS 0x000000071461ae00, 0x0000000714600000| Untracked 
| 167|0x0000000714700000, 0x0000000714742200, 0x0000000714800000| 25%| O|  |TAMS 0x0000000714700000, 0x0000000714700000| Untracked 
| 168|0x0000000714800000, 0x0000000714900000, 0x0000000714900000|100%|HS|  |TAMS 0x0000000714800000, 0x0000000714800000| Complete 
| 169|0x0000000714900000, 0x0000000714a00000, 0x0000000714a00000|100%|HC|  |TAMS 0x0000000714900000, 0x0000000714900000| Complete 
| 170|0x0000000714a00000, 0x0000000714b00000, 0x0000000714b00000|100%|HC|  |TAMS 0x0000000714a00000, 0x0000000714a00000| Complete 
| 171|0x0000000714b00000, 0x0000000714b00000, 0x0000000714c00000|  0%| F|  |TAMS 0x0000000714b00000, 0x0000000714b00000| Untracked 
| 172|0x0000000714c00000, 0x0000000714c00000, 0x0000000714d00000|  0%| F|  |TAMS 0x0000000714c00000, 0x0000000714c00000| Untracked 
| 173|0x0000000714d00000, 0x0000000714d00000, 0x0000000714e00000|  0%| F|  |TAMS 0x0000000714d00000, 0x0000000714d00000| Untracked 
| 174|0x0000000714e00000, 0x0000000714e00000, 0x0000000714f00000|  0%| F|  |TAMS 0x0000000714e00000, 0x0000000714e00000| Untracked 
| 175|0x0000000714f00000, 0x0000000714f00000, 0x0000000715000000|  0%| F|  |TAMS 0x0000000714f00000, 0x0000000714f00000| Untracked 
| 176|0x0000000715000000, 0x0000000715000000, 0x0000000715100000|  0%| F|  |TAMS 0x0000000715000000, 0x0000000715000000| Untracked 
| 177|0x0000000715100000, 0x0000000715100000, 0x0000000715200000|  0%| F|  |TAMS 0x0000000715100000, 0x0000000715100000| Untracked 
| 178|0x0000000715200000, 0x0000000715200000, 0x0000000715300000|  0%| F|  |TAMS 0x0000000715200000, 0x0000000715200000| Untracked 
| 179|0x0000000715300000, 0x0000000715300000, 0x0000000715400000|  0%| F|  |TAMS 0x0000000715300000, 0x0000000715300000| Untracked 
| 180|0x0000000715400000, 0x0000000715400000, 0x0000000715500000|  0%| F|  |TAMS 0x0000000715400000, 0x0000000715400000| Untracked 
| 181|0x0000000715500000, 0x0000000715500000, 0x0000000715600000|  0%| F|  |TAMS 0x0000000715500000, 0x0000000715500000| Untracked 
| 182|0x0000000715600000, 0x0000000715600000, 0x0000000715700000|  0%| F|  |TAMS 0x0000000715600000, 0x0000000715600000| Untracked 
| 183|0x0000000715700000, 0x0000000715700000, 0x0000000715800000|  0%| F|  |TAMS 0x0000000715700000, 0x0000000715700000| Untracked 
| 184|0x0000000715800000, 0x0000000715800000, 0x0000000715900000|  0%| F|  |TAMS 0x0000000715800000, 0x0000000715800000| Untracked 
| 185|0x0000000715900000, 0x0000000715900000, 0x0000000715a00000|  0%| F|  |TAMS 0x0000000715900000, 0x0000000715900000| Untracked 
| 186|0x0000000715a00000, 0x0000000715a00000, 0x0000000715b00000|  0%| F|  |TAMS 0x0000000715a00000, 0x0000000715a00000| Untracked 
| 187|0x0000000715b00000, 0x0000000715b00000, 0x0000000715c00000|  0%| F|  |TAMS 0x0000000715b00000, 0x0000000715b00000| Untracked 
| 188|0x0000000715c00000, 0x0000000715c00000, 0x0000000715d00000|  0%| F|  |TAMS 0x0000000715c00000, 0x0000000715c00000| Untracked 
| 189|0x0000000715d00000, 0x0000000715d00000, 0x0000000715e00000|  0%| F|  |TAMS 0x0000000715d00000, 0x0000000715d00000| Untracked 
| 190|0x0000000715e00000, 0x0000000715e00000, 0x0000000715f00000|  0%| F|  |TAMS 0x0000000715e00000, 0x0000000715e00000| Untracked 
| 191|0x0000000715f00000, 0x0000000715f00000, 0x0000000716000000|  0%| F|  |TAMS 0x0000000715f00000, 0x0000000715f00000| Untracked 
| 192|0x0000000716000000, 0x0000000716000000, 0x0000000716100000|  0%| F|  |TAMS 0x0000000716000000, 0x0000000716000000| Untracked 
| 193|0x0000000716100000, 0x0000000716100000, 0x0000000716200000|  0%| F|  |TAMS 0x0000000716100000, 0x0000000716100000| Untracked 
| 194|0x0000000716200000, 0x0000000716200000, 0x0000000716300000|  0%| F|  |TAMS 0x0000000716200000, 0x0000000716200000| Untracked 
| 195|0x0000000716300000, 0x0000000716300000, 0x0000000716400000|  0%| F|  |TAMS 0x0000000716300000, 0x0000000716300000| Untracked 
| 196|0x0000000716400000, 0x0000000716400000, 0x0000000716500000|  0%| F|  |TAMS 0x0000000716400000, 0x0000000716400000| Untracked 
| 197|0x0000000716500000, 0x0000000716500000, 0x0000000716600000|  0%| F|  |TAMS 0x0000000716500000, 0x0000000716500000| Untracked 
| 198|0x0000000716600000, 0x0000000716600000, 0x0000000716700000|  0%| F|  |TAMS 0x0000000716600000, 0x0000000716600000| Untracked 
| 199|0x0000000716700000, 0x0000000716700000, 0x0000000716800000|  0%| F|  |TAMS 0x0000000716700000, 0x0000000716700000| Untracked 
| 200|0x0000000716800000, 0x0000000716800000, 0x0000000716900000|  0%| F|  |TAMS 0x0000000716800000, 0x0000000716800000| Untracked 
| 201|0x0000000716900000, 0x0000000716900000, 0x0000000716a00000|  0%| F|  |TAMS 0x0000000716900000, 0x0000000716900000| Untracked 
| 202|0x0000000716a00000, 0x0000000716a00000, 0x0000000716b00000|  0%| F|  |TAMS 0x0000000716a00000, 0x0000000716a00000| Untracked 
| 203|0x0000000716b00000, 0x0000000716b00000, 0x0000000716c00000|  0%| F|  |TAMS 0x0000000716b00000, 0x0000000716b00000| Untracked 
| 204|0x0000000716c00000, 0x0000000716c00000, 0x0000000716d00000|  0%| F|  |TAMS 0x0000000716c00000, 0x0000000716c00000| Untracked 
| 205|0x0000000716d00000, 0x0000000716d00000, 0x0000000716e00000|  0%| F|  |TAMS 0x0000000716d00000, 0x0000000716d00000| Untracked 
| 206|0x0000000716e00000, 0x0000000716e00000, 0x0000000716f00000|  0%| F|  |TAMS 0x0000000716e00000, 0x0000000716e00000| Untracked 
| 207|0x0000000716f00000, 0x0000000716f00000, 0x0000000717000000|  0%| F|  |TAMS 0x0000000716f00000, 0x0000000716f00000| Untracked 
| 208|0x0000000717000000, 0x0000000717000000, 0x0000000717100000|  0%| F|  |TAMS 0x0000000717000000, 0x0000000717000000| Untracked 
| 209|0x0000000717100000, 0x0000000717100000, 0x0000000717200000|  0%| F|  |TAMS 0x0000000717100000, 0x0000000717100000| Untracked 
| 210|0x0000000717200000, 0x0000000717200000, 0x0000000717300000|  0%| F|  |TAMS 0x0000000717200000, 0x0000000717200000| Untracked 
| 211|0x0000000717300000, 0x0000000717300000, 0x0000000717400000|  0%| F|  |TAMS 0x0000000717300000, 0x0000000717300000| Untracked 
| 212|0x0000000717400000, 0x0000000717400000, 0x0000000717500000|  0%| F|  |TAMS 0x0000000717400000, 0x0000000717400000| Untracked 
| 213|0x0000000717500000, 0x0000000717500000, 0x0000000717600000|  0%| F|  |TAMS 0x0000000717500000, 0x0000000717500000| Untracked 
| 214|0x0000000717600000, 0x0000000717600000, 0x0000000717700000|  0%| F|  |TAMS 0x0000000717600000, 0x0000000717600000| Untracked 
| 215|0x0000000717700000, 0x0000000717700000, 0x0000000717800000|  0%| F|  |TAMS 0x0000000717700000, 0x0000000717700000| Untracked 
| 216|0x0000000717800000, 0x0000000717800000, 0x0000000717900000|  0%| F|  |TAMS 0x0000000717800000, 0x0000000717800000| Untracked 
| 217|0x0000000717900000, 0x0000000717900000, 0x0000000717a00000|  0%| F|  |TAMS 0x0000000717900000, 0x0000000717900000| Untracked 
| 218|0x0000000717a00000, 0x0000000717a00000, 0x0000000717b00000|  0%| F|  |TAMS 0x0000000717a00000, 0x0000000717a00000| Untracked 
| 219|0x0000000717b00000, 0x0000000717b00000, 0x0000000717c00000|  0%| F|  |TAMS 0x0000000717b00000, 0x0000000717b00000| Untracked 
| 220|0x0000000717c00000, 0x0000000717c00000, 0x0000000717d00000|  0%| F|  |TAMS 0x0000000717c00000, 0x0000000717c00000| Untracked 
| 221|0x0000000717d00000, 0x0000000717d00000, 0x0000000717e00000|  0%| F|  |TAMS 0x0000000717d00000, 0x0000000717d00000| Untracked 
| 222|0x0000000717e00000, 0x0000000717e00000, 0x0000000717f00000|  0%| F|  |TAMS 0x0000000717e00000, 0x0000000717e00000| Untracked 
| 223|0x0000000717f00000, 0x0000000717f00000, 0x0000000718000000|  0%| F|  |TAMS 0x0000000717f00000, 0x0000000717f00000| Untracked 
| 224|0x0000000718000000, 0x0000000718000000, 0x0000000718100000|  0%| F|  |TAMS 0x0000000718000000, 0x0000000718000000| Untracked 
| 225|0x0000000718100000, 0x0000000718100000, 0x0000000718200000|  0%| F|  |TAMS 0x0000000718100000, 0x0000000718100000| Untracked 
| 226|0x0000000718200000, 0x0000000718200000, 0x0000000718300000|  0%| F|  |TAMS 0x0000000718200000, 0x0000000718200000| Untracked 
| 227|0x0000000718300000, 0x0000000718300000, 0x0000000718400000|  0%| F|  |TAMS 0x0000000718300000, 0x0000000718300000| Untracked 
| 228|0x0000000718400000, 0x0000000718400000, 0x0000000718500000|  0%| F|  |TAMS 0x0000000718400000, 0x0000000718400000| Untracked 
| 229|0x0000000718500000, 0x0000000718500000, 0x0000000718600000|  0%| F|  |TAMS 0x0000000718500000, 0x0000000718500000| Untracked 
| 230|0x0000000718600000, 0x0000000718600000, 0x0000000718700000|  0%| F|  |TAMS 0x0000000718600000, 0x0000000718600000| Untracked 
| 231|0x0000000718700000, 0x0000000718700000, 0x0000000718800000|  0%| F|  |TAMS 0x0000000718700000, 0x0000000718700000| Untracked 
| 232|0x0000000718800000, 0x0000000718800000, 0x0000000718900000|  0%| F|  |TAMS 0x0000000718800000, 0x0000000718800000| Untracked 
| 233|0x0000000718900000, 0x0000000718900000, 0x0000000718a00000|  0%| F|  |TAMS 0x0000000718900000, 0x0000000718900000| Untracked 
| 234|0x0000000718a00000, 0x0000000718a00000, 0x0000000718b00000|  0%| F|  |TAMS 0x0000000718a00000, 0x0000000718a00000| Untracked 
| 235|0x0000000718b00000, 0x0000000718b00000, 0x0000000718c00000|  0%| F|  |TAMS 0x0000000718b00000, 0x0000000718b00000| Untracked 
| 236|0x0000000718c00000, 0x0000000718c00000, 0x0000000718d00000|  0%| F|  |TAMS 0x0000000718c00000, 0x0000000718c00000| Untracked 
| 237|0x0000000718d00000, 0x0000000718d00000, 0x0000000718e00000|  0%| F|  |TAMS 0x0000000718d00000, 0x0000000718d00000| Untracked 
| 238|0x0000000718e00000, 0x0000000718e00000, 0x0000000718f00000|  0%| F|  |TAMS 0x0000000718e00000, 0x0000000718e00000| Untracked 
| 239|0x0000000718f00000, 0x0000000718f00000, 0x0000000719000000|  0%| F|  |TAMS 0x0000000718f00000, 0x0000000718f00000| Untracked 
| 240|0x0000000719000000, 0x0000000719000000, 0x0000000719100000|  0%| F|  |TAMS 0x0000000719000000, 0x0000000719000000| Untracked 
| 241|0x0000000719100000, 0x0000000719100000, 0x0000000719200000|  0%| F|  |TAMS 0x0000000719100000, 0x0000000719100000| Untracked 
| 242|0x0000000719200000, 0x0000000719200000, 0x0000000719300000|  0%| F|  |TAMS 0x0000000719200000, 0x0000000719200000| Untracked 
| 243|0x0000000719300000, 0x0000000719300000, 0x0000000719400000|  0%| F|  |TAMS 0x0000000719300000, 0x0000000719300000| Untracked 
| 244|0x0000000719400000, 0x0000000719400000, 0x0000000719500000|  0%| F|  |TAMS 0x0000000719400000, 0x0000000719400000| Untracked 
| 245|0x0000000719500000, 0x0000000719500000, 0x0000000719600000|  0%| F|  |TAMS 0x0000000719500000, 0x0000000719500000| Untracked 
| 246|0x0000000719600000, 0x0000000719600000, 0x0000000719700000|  0%| F|  |TAMS 0x0000000719600000, 0x0000000719600000| Untracked 
| 247|0x0000000719700000, 0x0000000719700000, 0x0000000719800000|  0%| F|  |TAMS 0x0000000719700000, 0x0000000719700000| Untracked 
| 248|0x0000000719800000, 0x0000000719800000, 0x0000000719900000|  0%| F|  |TAMS 0x0000000719800000, 0x0000000719800000| Untracked 
| 249|0x0000000719900000, 0x0000000719900000, 0x0000000719a00000|  0%| F|  |TAMS 0x0000000719900000, 0x0000000719900000| Untracked 
| 250|0x0000000719a00000, 0x0000000719a00000, 0x0000000719b00000|  0%| F|  |TAMS 0x0000000719a00000, 0x0000000719a00000| Untracked 
| 251|0x0000000719b00000, 0x0000000719b00000, 0x0000000719c00000|  0%| F|  |TAMS 0x0000000719b00000, 0x0000000719b00000| Untracked 
| 252|0x0000000719c00000, 0x0000000719c00000, 0x0000000719d00000|  0%| F|  |TAMS 0x0000000719c00000, 0x0000000719c00000| Untracked 
| 253|0x0000000719d00000, 0x0000000719d00000, 0x0000000719e00000|  0%| F|  |TAMS 0x0000000719d00000, 0x0000000719d00000| Untracked 
| 254|0x0000000719e00000, 0x0000000719e00000, 0x0000000719f00000|  0%| F|  |TAMS 0x0000000719e00000, 0x0000000719e00000| Untracked 
| 255|0x0000000719f00000, 0x0000000719f00000, 0x000000071a000000|  0%| F|  |TAMS 0x0000000719f00000, 0x0000000719f00000| Untracked 
| 256|0x000000071a000000, 0x000000071a000000, 0x000000071a100000|  0%| F|  |TAMS 0x000000071a000000, 0x000000071a000000| Untracked 
| 257|0x000000071a100000, 0x000000071a100000, 0x000000071a200000|  0%| F|  |TAMS 0x000000071a100000, 0x000000071a100000| Untracked 
| 258|0x000000071a200000, 0x000000071a200000, 0x000000071a300000|  0%| F|  |TAMS 0x000000071a200000, 0x000000071a200000| Untracked 
| 259|0x000000071a300000, 0x000000071a300000, 0x000000071a400000|  0%| F|  |TAMS 0x000000071a300000, 0x000000071a300000| Untracked 
| 260|0x000000071a400000, 0x000000071a400000, 0x000000071a500000|  0%| F|  |TAMS 0x000000071a400000, 0x000000071a400000| Untracked 
| 261|0x000000071a500000, 0x000000071a500000, 0x000000071a600000|  0%| F|  |TAMS 0x000000071a500000, 0x000000071a500000| Untracked 
| 262|0x000000071a600000, 0x000000071a600000, 0x000000071a700000|  0%| F|  |TAMS 0x000000071a600000, 0x000000071a600000| Untracked 
| 263|0x000000071a700000, 0x000000071a700000, 0x000000071a800000|  0%| F|  |TAMS 0x000000071a700000, 0x000000071a700000| Untracked 
| 264|0x000000071a800000, 0x000000071a800000, 0x000000071a900000|  0%| F|  |TAMS 0x000000071a800000, 0x000000071a800000| Untracked 
| 265|0x000000071a900000, 0x000000071a900000, 0x000000071aa00000|  0%| F|  |TAMS 0x000000071a900000, 0x000000071a900000| Untracked 
| 266|0x000000071aa00000, 0x000000071aa00000, 0x000000071ab00000|  0%| F|  |TAMS 0x000000071aa00000, 0x000000071aa00000| Untracked 
| 267|0x000000071ab00000, 0x000000071ab00000, 0x000000071ac00000|  0%| F|  |TAMS 0x000000071ab00000, 0x000000071ab00000| Untracked 
| 268|0x000000071ac00000, 0x000000071ac00000, 0x000000071ad00000|  0%| F|  |TAMS 0x000000071ac00000, 0x000000071ac00000| Untracked 
| 269|0x000000071ad00000, 0x000000071ad00000, 0x000000071ae00000|  0%| F|  |TAMS 0x000000071ad00000, 0x000000071ad00000| Untracked 
| 270|0x000000071ae00000, 0x000000071ae00000, 0x000000071af00000|  0%| F|  |TAMS 0x000000071ae00000, 0x000000071ae00000| Untracked 
| 271|0x000000071af00000, 0x000000071af00000, 0x000000071b000000|  0%| F|  |TAMS 0x000000071af00000, 0x000000071af00000| Untracked 
| 272|0x000000071b000000, 0x000000071b000000, 0x000000071b100000|  0%| F|  |TAMS 0x000000071b000000, 0x000000071b000000| Untracked 
| 273|0x000000071b100000, 0x000000071b100000, 0x000000071b200000|  0%| F|  |TAMS 0x000000071b100000, 0x000000071b100000| Untracked 
| 274|0x000000071b200000, 0x000000071b200000, 0x000000071b300000|  0%| F|  |TAMS 0x000000071b200000, 0x000000071b200000| Untracked 
| 275|0x000000071b300000, 0x000000071b400000, 0x000000071b400000|100%| E|  |TAMS 0x000000071b300000, 0x000000071b300000| Complete 
| 276|0x000000071b400000, 0x000000071b500000, 0x000000071b500000|100%| E|CS|TAMS 0x000000071b400000, 0x000000071b400000| Complete 
| 277|0x000000071b500000, 0x000000071b600000, 0x000000071b600000|100%| E|CS|TAMS 0x000000071b500000, 0x000000071b500000| Complete 
| 278|0x000000071b600000, 0x000000071b700000, 0x000000071b700000|100%| E|CS|TAMS 0x000000071b600000, 0x000000071b600000| Complete 
| 279|0x000000071b700000, 0x000000071b800000, 0x000000071b800000|100%| E|CS|TAMS 0x000000071b700000, 0x000000071b700000| Complete 
| 280|0x000000071b800000, 0x000000071b900000, 0x000000071b900000|100%| E|CS|TAMS 0x000000071b800000, 0x000000071b800000| Complete 
| 281|0x000000071b900000, 0x000000071ba00000, 0x000000071ba00000|100%| E|CS|TAMS 0x000000071b900000, 0x000000071b900000| Complete 
| 282|0x000000071ba00000, 0x000000071bb00000, 0x000000071bb00000|100%| E|CS|TAMS 0x000000071ba00000, 0x000000071ba00000| Complete 
| 283|0x000000071bb00000, 0x000000071bc00000, 0x000000071bc00000|100%| E|CS|TAMS 0x000000071bb00000, 0x000000071bb00000| Complete 
| 284|0x000000071bc00000, 0x000000071bd00000, 0x000000071bd00000|100%| E|CS|TAMS 0x000000071bc00000, 0x000000071bc00000| Complete 
| 285|0x000000071bd00000, 0x000000071be00000, 0x000000071be00000|100%| E|CS|TAMS 0x000000071bd00000, 0x000000071bd00000| Complete 
| 286|0x000000071be00000, 0x000000071bf00000, 0x000000071bf00000|100%| E|CS|TAMS 0x000000071be00000, 0x000000071be00000| Complete 
| 287|0x000000071bf00000, 0x000000071c000000, 0x000000071c000000|100%| E|CS|TAMS 0x000000071bf00000, 0x000000071bf00000| Complete 
| 288|0x000000071c000000, 0x000000071c100000, 0x000000071c100000|100%| E|CS|TAMS 0x000000071c000000, 0x000000071c000000| Complete 
| 289|0x000000071c100000, 0x000000071c200000, 0x000000071c200000|100%| E|CS|TAMS 0x000000071c100000, 0x000000071c100000| Complete 
| 290|0x000000071c200000, 0x000000071c300000, 0x000000071c300000|100%| E|CS|TAMS 0x000000071c200000, 0x000000071c200000| Complete 
| 291|0x000000071c300000, 0x000000071c400000, 0x000000071c400000|100%| E|CS|TAMS 0x000000071c300000, 0x000000071c300000| Complete 
| 292|0x000000071c400000, 0x000000071c500000, 0x000000071c500000|100%| E|CS|TAMS 0x000000071c400000, 0x000000071c400000| Complete 
| 293|0x000000071c500000, 0x000000071c600000, 0x000000071c600000|100%| E|CS|TAMS 0x000000071c500000, 0x000000071c500000| Complete 
| 294|0x000000071c600000, 0x000000071c700000, 0x000000071c700000|100%| E|CS|TAMS 0x000000071c600000, 0x000000071c600000| Complete 
| 295|0x000000071c700000, 0x000000071c800000, 0x000000071c800000|100%| E|CS|TAMS 0x000000071c700000, 0x000000071c700000| Complete 
| 296|0x000000071c800000, 0x000000071c900000, 0x000000071c900000|100%| E|CS|TAMS 0x000000071c800000, 0x000000071c800000| Complete 
| 297|0x000000071c900000, 0x000000071ca00000, 0x000000071ca00000|100%| E|CS|TAMS 0x000000071c900000, 0x000000071c900000| Complete 
| 298|0x000000071ca00000, 0x000000071cb00000, 0x000000071cb00000|100%| E|CS|TAMS 0x000000071ca00000, 0x000000071ca00000| Complete 
| 299|0x000000071cb00000, 0x000000071cbaf050, 0x000000071cc00000| 68%| S|CS|TAMS 0x000000071cb00000, 0x000000071cb00000| Complete 
| 300|0x000000071cc00000, 0x000000071cd00000, 0x000000071cd00000|100%| S|CS|TAMS 0x000000071cc00000, 0x000000071cc00000| Complete 
| 301|0x000000071cd00000, 0x000000071ce00000, 0x000000071ce00000|100%| E|CS|TAMS 0x000000071cd00000, 0x000000071cd00000| Complete 
| 302|0x000000071ce00000, 0x000000071cf00000, 0x000000071cf00000|100%| E|CS|TAMS 0x000000071ce00000, 0x000000071ce00000| Complete 
| 303|0x000000071cf00000, 0x000000071d000000, 0x000000071d000000|100%| E|CS|TAMS 0x000000071cf00000, 0x000000071cf00000| Complete 
| 304|0x000000071d000000, 0x000000071d100000, 0x000000071d100000|100%| E|CS|TAMS 0x000000071d000000, 0x000000071d000000| Complete 
| 305|0x000000071d100000, 0x000000071d200000, 0x000000071d200000|100%| E|CS|TAMS 0x000000071d100000, 0x000000071d100000| Complete 
| 306|0x000000071d200000, 0x000000071d300000, 0x000000071d300000|100%| E|CS|TAMS 0x000000071d200000, 0x000000071d200000| Complete 
| 307|0x000000071d300000, 0x000000071d400000, 0x000000071d400000|100%| E|CS|TAMS 0x000000071d300000, 0x000000071d300000| Complete 
| 308|0x000000071d400000, 0x000000071d500000, 0x000000071d500000|100%| E|CS|TAMS 0x000000071d400000, 0x000000071d400000| Complete 
| 309|0x000000071d500000, 0x000000071d600000, 0x000000071d600000|100%| E|CS|TAMS 0x000000071d500000, 0x000000071d500000| Complete 
| 310|0x000000071d600000, 0x000000071d700000, 0x000000071d700000|100%| E|CS|TAMS 0x000000071d600000, 0x000000071d600000| Complete 
| 311|0x000000071d700000, 0x000000071d800000, 0x000000071d800000|100%| E|CS|TAMS 0x000000071d700000, 0x000000071d700000| Complete 
| 312|0x000000071d800000, 0x000000071d900000, 0x000000071d900000|100%| E|CS|TAMS 0x000000071d800000, 0x000000071d800000| Complete 
| 313|0x000000071d900000, 0x000000071da00000, 0x000000071da00000|100%| E|CS|TAMS 0x000000071d900000, 0x000000071d900000| Complete 
| 314|0x000000071da00000, 0x000000071db00000, 0x000000071db00000|100%| S|CS|TAMS 0x000000071da00000, 0x000000071da00000| Complete 
| 315|0x000000071db00000, 0x000000071dc00000, 0x000000071dc00000|100%| S|CS|TAMS 0x000000071db00000, 0x000000071db00000| Complete 
| 316|0x000000071dc00000, 0x000000071dd00000, 0x000000071dd00000|100%| S|CS|TAMS 0x000000071dc00000, 0x000000071dc00000| Complete 
| 317|0x000000071dd00000, 0x000000071de00000, 0x000000071de00000|100%| S|CS|TAMS 0x000000071dd00000, 0x000000071dd00000| Complete 
| 318|0x000000071de00000, 0x000000071df00000, 0x000000071df00000|100%| S|CS|TAMS 0x000000071de00000, 0x000000071de00000| Complete 
| 319|0x000000071df00000, 0x000000071e000000, 0x000000071e000000|100%| S|CS|TAMS 0x000000071df00000, 0x000000071df00000| Complete 
| 320|0x000000071e000000, 0x000000071e100000, 0x000000071e100000|100%| S|CS|TAMS 0x000000071e000000, 0x000000071e000000| Complete 
| 321|0x000000071e100000, 0x000000071e200000, 0x000000071e200000|100%| S|CS|TAMS 0x000000071e100000, 0x000000071e100000| Complete 
| 322|0x000000071e200000, 0x000000071e300000, 0x000000071e300000|100%| S|CS|TAMS 0x000000071e200000, 0x000000071e200000| Complete 
| 323|0x000000071e300000, 0x000000071e400000, 0x000000071e400000|100%| S|CS|TAMS 0x000000071e300000, 0x000000071e300000| Complete 
| 324|0x000000071e400000, 0x000000071e500000, 0x000000071e500000|100%| E|CS|TAMS 0x000000071e400000, 0x000000071e400000| Complete 
| 325|0x000000071e500000, 0x000000071e600000, 0x000000071e600000|100%| E|CS|TAMS 0x000000071e500000, 0x000000071e500000| Complete 
| 326|0x000000071e600000, 0x000000071e700000, 0x000000071e700000|100%| E|CS|TAMS 0x000000071e600000, 0x000000071e600000| Complete 
| 327|0x000000071e700000, 0x000000071e800000, 0x000000071e800000|100%| E|CS|TAMS 0x000000071e700000, 0x000000071e700000| Complete 
| 328|0x000000071e800000, 0x000000071e900000, 0x000000071e900000|100%| E|CS|TAMS 0x000000071e800000, 0x000000071e800000| Complete 
| 329|0x000000071e900000, 0x000000071ea00000, 0x000000071ea00000|100%| E|CS|TAMS 0x000000071e900000, 0x000000071e900000| Complete 
| 330|0x000000071ea00000, 0x000000071eb00000, 0x000000071eb00000|100%| E|CS|TAMS 0x000000071ea00000, 0x000000071ea00000| Complete 
| 331|0x000000071eb00000, 0x000000071ec00000, 0x000000071ec00000|100%| E|CS|TAMS 0x000000071eb00000, 0x000000071eb00000| Complete 
| 332|0x000000071ec00000, 0x000000071ed00000, 0x000000071ed00000|100%| E|CS|TAMS 0x000000071ec00000, 0x000000071ec00000| Complete 
| 333|0x000000071ed00000, 0x000000071ee00000, 0x000000071ee00000|100%| E|CS|TAMS 0x000000071ed00000, 0x000000071ed00000| Complete 
| 334|0x000000071ee00000, 0x000000071ef00000, 0x000000071ef00000|100%| E|CS|TAMS 0x000000071ee00000, 0x000000071ee00000| Complete 
| 335|0x000000071ef00000, 0x000000071f000000, 0x000000071f000000|100%| E|CS|TAMS 0x000000071ef00000, 0x000000071ef00000| Complete 
| 336|0x000000071f000000, 0x000000071f100000, 0x000000071f100000|100%| E|CS|TAMS 0x000000071f000000, 0x000000071f000000| Complete 
| 337|0x000000071f100000, 0x000000071f200000, 0x000000071f200000|100%| E|CS|TAMS 0x000000071f100000, 0x000000071f100000| Complete 
| 338|0x000000071f200000, 0x000000071f300000, 0x000000071f300000|100%| E|CS|TAMS 0x000000071f200000, 0x000000071f200000| Complete 
| 339|0x000000071f300000, 0x000000071f400000, 0x000000071f400000|100%| E|CS|TAMS 0x000000071f300000, 0x000000071f300000| Complete 
| 340|0x000000071f400000, 0x000000071f500000, 0x000000071f500000|100%| E|CS|TAMS 0x000000071f400000, 0x000000071f400000| Complete 
| 341|0x000000071f500000, 0x000000071f600000, 0x000000071f600000|100%| E|CS|TAMS 0x000000071f500000, 0x000000071f500000| Complete 
| 342|0x000000071f600000, 0x000000071f700000, 0x000000071f700000|100%| E|CS|TAMS 0x000000071f600000, 0x000000071f600000| Complete 
| 343|0x000000071f700000, 0x000000071f800000, 0x000000071f800000|100%| E|CS|TAMS 0x000000071f700000, 0x000000071f700000| Complete 
| 344|0x000000071f800000, 0x000000071f900000, 0x000000071f900000|100%| E|CS|TAMS 0x000000071f800000, 0x000000071f800000| Complete 
| 345|0x000000071f900000, 0x000000071fa00000, 0x000000071fa00000|100%| E|CS|TAMS 0x000000071f900000, 0x000000071f900000| Complete 
| 346|0x000000071fa00000, 0x000000071fb00000, 0x000000071fb00000|100%| E|CS|TAMS 0x000000071fa00000, 0x000000071fa00000| Complete 
| 347|0x000000071fb00000, 0x000000071fc00000, 0x000000071fc00000|100%| E|CS|TAMS 0x000000071fb00000, 0x000000071fb00000| Complete 
| 348|0x000000071fc00000, 0x000000071fd00000, 0x000000071fd00000|100%| E|CS|TAMS 0x000000071fc00000, 0x000000071fc00000| Complete 
| 349|0x000000071fd00000, 0x000000071fe00000, 0x000000071fe00000|100%| E|CS|TAMS 0x000000071fd00000, 0x000000071fd00000| Complete 
| 350|0x000000071fe00000, 0x000000071ff00000, 0x000000071ff00000|100%| E|CS|TAMS 0x000000071fe00000, 0x000000071fe00000| Complete 
| 351|0x000000071ff00000, 0x0000000720000000, 0x0000000720000000|100%| E|CS|TAMS 0x000000071ff00000, 0x000000071ff00000| Complete 
| 352|0x0000000720000000, 0x0000000720100000, 0x0000000720100000|100%| E|CS|TAMS 0x0000000720000000, 0x0000000720000000| Complete 
| 353|0x0000000720100000, 0x0000000720200000, 0x0000000720200000|100%| E|CS|TAMS 0x0000000720100000, 0x0000000720100000| Complete 

Card table byte_map: [0x000001d0279f0000,0x000001d0281a0000] _byte_map_base: 0x000001d0241a0000

Marking Bits (Prev, Next): (CMBitMap*) 0x000001d00e2ef068, (CMBitMap*) 0x000001d00e2ef0a8
 Prev Bits: [0x000001d028950000, 0x000001d02c6d0000)
 Next Bits: [0x000001d02c6d0000, 0x000001d030450000)

Polling page: 0x000001d00c000000

Metaspace:

Usage:
  Non-class:     63.27 MB capacity,    62.23 MB ( 98%) used,   857.49 KB (  1%) free+waste,   204.50 KB ( <1%) overhead. 
      Class:     10.50 MB capacity,     9.88 MB ( 94%) used,   537.55 KB (  5%) free+waste,    96.94 KB ( <1%) overhead. 
       Both:     73.77 MB capacity,    72.11 MB ( 98%) used,     1.36 MB (  2%) free+waste,   301.44 KB ( <1%) overhead. 

Virtual space:
  Non-class space:       64.00 MB reserved,      63.45 MB (>99%) committed 
      Class space:        1.00 GB reserved,      10.50 MB (  1%) committed 
             Both:        1.06 GB reserved,      73.95 MB (  7%) committed 

Chunk freelists:
   Non-Class:  0 bytes
       Class:  128 bytes
        Both:  128 bytes

CodeHeap 'non-profiled nmethods': size=120000Kb used=9026Kb max_used=10231Kb free=110973Kb
 bounds [0x000001d01f7b0000, 0x000001d0201c0000, 0x000001d026ce0000]
CodeHeap 'profiled nmethods': size=120000Kb used=19448Kb max_used=20964Kb free=100551Kb
 bounds [0x000001d018280000, 0x000001d019730000, 0x000001d01f7b0000]
CodeHeap 'non-nmethods': size=5760Kb used=1585Kb max_used=1630Kb free=4174Kb
 bounds [0x000001d017ce0000, 0x000001d017f50000, 0x000001d018280000]
 total_blobs=19134 nmethods=9313 adapters=1016
 compilation: enabled
              stopped_count=0, restarted_count=0
 full_count=0

Compilation events (10 events):
Event: 3622.500 Thread 0x000001d033a8f000 nmethod 12670 0x000001d01f959290 code [0x000001d01f959480, 0x000001d01f95a088]
Event: 3622.518 Thread 0x000001d033a8f000 12672   !   4       sun.swing.SwingUtilities2::drawString (439 bytes)
Event: 3622.526 Thread 0x000001d033a8f000 nmethod 12672 0x000001d01f996d10 code [0x000001d01f996f80, 0x000001d01f997910]
Event: 3622.837 Thread 0x000001d033a92000 12673       3       sun.awt.TimedWindowEvent::<init> (18 bytes)
Event: 3622.837 Thread 0x000001d033a92000 nmethod 12673 0x000001d0182c8b90 code [0x000001d0182c8d60, 0x000001d0182c9090]
Event: 3622.842 Thread 0x000001d033a8f000 12674       4       javax.swing.DefaultButtonModel::setRollover (50 bytes)
Event: 3622.855 Thread 0x000001d033a8f000 nmethod 12674 0x000001d01f995190 code [0x000001d01f995400, 0x000001d01f996300]
Event: 3790.799 Thread 0x000001d033a8f000 12675       4       javax.swing.text.FieldView::adjustAllocation (358 bytes)
Event: 3790.811 Thread 0x000001d033a8f000 nmethod 12675 0x000001d01f993c90 code [0x000001d01f993ec0, 0x000001d01f994998]
Event: 3808.621 Thread 0x000001d033a8f000 12676       4       java.awt.Component::dispatchEventImpl (777 bytes)

GC Heap History (10 events):
Event: 2869.467 GC heap before
{Heap before GC invocations=62 (full 0):
 garbage-first heap   total 362496K, used 312735K [0x000000070a000000, 0x0000000800000000)
  region size 1024K, 155 young (158720K), 6 survivors (6144K)
 Metaspace       used 57366K, capacity 58777K, committed 58960K, reserved 1099776K
  class space    used 7900K, capacity 8486K, committed 8576K, reserved 1048576K
}
Event: 2869.494 GC heap after
{Heap after GC invocations=63 (full 0):
 garbage-first heap   total 362496K, used 161068K [0x000000070a000000, 0x0000000800000000)
  region size 1024K, 6 young (6144K), 6 survivors (6144K)
 Metaspace       used 57366K, capacity 58777K, committed 58960K, reserved 1099776K
  class space    used 7900K, capacity 8486K, committed 8576K, reserved 1048576K
}
Event: 3444.390 GC heap before
{Heap before GC invocations=63 (full 0):
 garbage-first heap   total 362496K, used 315692K [0x000000070a000000, 0x0000000800000000)
  region size 1024K, 157 young (160768K), 6 survivors (6144K)
 Metaspace       used 57708K, capacity 59132K, committed 59216K, reserved 1099776K
  class space    used 7935K, capacity 8518K, committed 8576K, reserved 1048576K
}
Event: 3444.401 GC heap after
{Heap after GC invocations=64 (full 0):
 garbage-first heap   total 362496K, used 162449K [0x000000070a000000, 0x0000000800000000)
  region size 1024K, 7 young (7168K), 7 survivors (7168K)
 Metaspace       used 57708K, capacity 59132K, committed 59216K, reserved 1099776K
  class space    used 7935K, capacity 8518K, committed 8576K, reserved 1048576K
}
Event: 3449.727 GC heap before
{Heap before GC invocations=64 (full 0):
 garbage-first heap   total 362496K, used 316049K [0x000000070a000000, 0x0000000800000000)
  region size 1024K, 155 young (158720K), 7 survivors (7168K)
 Metaspace       used 72897K, capacity 74525K, committed 74704K, reserved 1114112K
  class space    used 10018K, capacity 10629K, committed 10752K, reserved 1048576K
}
Event: 3449.742 GC heap after
{Heap after GC invocations=65 (full 0):
 garbage-first heap   total 362496K, used 176487K [0x000000070a000000, 0x0000000800000000)
  region size 1024K, 18 young (18432K), 18 survivors (18432K)
 Metaspace       used 72897K, capacity 74525K, committed 74704K, reserved 1114112K
  class space    used 10018K, capacity 10629K, committed 10752K, reserved 1048576K
}
Event: 3453.677 GC heap before
{Heap before GC invocations=65 (full 0):
 garbage-first heap   total 362496K, used 219495K [0x000000070a000000, 0x0000000800000000)
  region size 1024K, 58 young (59392K), 18 survivors (18432K)
 Metaspace       used 73776K, capacity 75468K, committed 75472K, reserved 1114112K
  class space    used 10114K, capacity 10749K, committed 10752K, reserved 1048576K
}
Event: 3453.707 GC heap after
{Heap after GC invocations=66 (full 0):
 garbage-first heap   total 362496K, used 179515K [0x000000070a000000, 0x0000000800000000)
  region size 1024K, 13 young (13312K), 13 survivors (13312K)
 Metaspace       used 73776K, capacity 75468K, committed 75472K, reserved 1114112K
  class space    used 10114K, capacity 10749K, committed 10752K, reserved 1048576K
}
Event: 3453.956 GC heap before
{Heap before GC invocations=67 (full 0):
 garbage-first heap   total 362496K, used 212283K [0x000000070a000000, 0x0000000800000000)
  region size 1024K, 43 young (44032K), 13 survivors (13312K)
 Metaspace       used 73831K, capacity 75535K, committed 75728K, reserved 1114112K
  class space    used 10115K, capacity 10750K, committed 10752K, reserved 1048576K
}
Event: 3453.963 GC heap after
{Heap after GC invocations=68 (full 0):
 garbage-first heap   total 362496K, used 179827K [0x000000070a000000, 0x0000000800000000)
  region size 1024K, 12 young (12288K), 12 survivors (12288K)
 Metaspace       used 73831K, capacity 75535K, committed 75728K, reserved 1114112K
  class space    used 10115K, capacity 10750K, committed 10752K, reserved 1048576K
}

Deoptimization events (10 events):
Event: 3453.785 Thread 0x000001d03da62000 Uncommon trap: reason=bimorphic_or_optimized_type_check action=maybe_recompile pc=0x000001d01ffce580 method=org.apache.batik.gvt.AbstractGraphicsNode.fireGraphicsNodeChangeStarted(Lorg/apache/batik/gvt/event/GraphicsNodeChangeEvent;)V @ 1 c2
Event: 3453.785 Thread 0x000001d03da62000 Uncommon trap: reason=bimorphic_or_optimized_type_check action=maybe_recompile pc=0x000001d01ffca924 method=org.apache.batik.gvt.AbstractGraphicsNode.fireGraphicsNodeChangeCompleted()V @ 23 c2
Event: 3453.965 Thread 0x000001d03da62000 Uncommon trap: reason=unstable_if action=reinterpret pc=0x000001d01fe12cf8 method=sun.java2d.SunGraphics2D.clip(Ljava/awt/Shape;)V @ 10 c2
Event: 3453.965 Thread 0x000001d03da62000 Uncommon trap: reason=unstable_if action=reinterpret pc=0x000001d0200bfdb8 method=sun.java2d.SunGraphics2D.invalidateTransform()V @ 37 c2
Event: 3596.834 Thread 0x000001d034e58000 Uncommon trap: reason=unstable_if action=reinterpret pc=0x000001d01fe88834 method=javax.swing.text.FieldView.updateVisibilityModel()V @ 83 c2
Event: 3620.777 Thread 0x000001d03488f000 Uncommon trap: reason=unstable_if action=reinterpret pc=0x000001d01fb9dda8 method=sun.awt.windows.WWindowPeer.preprocessPostEvent(Ljava/awt/AWTEvent;)V @ 4 c2
Event: 3620.785 Thread 0x000001d034e58000 Uncommon trap: reason=class_check action=maybe_recompile pc=0x000001d01fd60d00 method=java.awt.dnd.DropTarget.removeNotify()V @ 12 c2
Event: 3620.785 Thread 0x000001d034e58000 Uncommon trap: reason=class_check action=maybe_recompile pc=0x000001d01fd60d00 method=java.awt.dnd.DropTarget.removeNotify()V @ 12 c2
Event: 3620.789 Thread 0x000001d034e58000 Uncommon trap: reason=unstable_if action=reinterpret pc=0x000001d01fc9318c method=javax.swing.SwingUtilities.getRootPane(Ljava/awt/Component;)Ljavax/swing/JRootPane; @ 18 c2
Event: 3621.974 Thread 0x000001d034e58000 Uncommon trap: reason=unstable_if action=reinterpret pc=0x000001d01fbfb0e8 method=java.awt.Window.eventEnabled(Ljava/awt/AWTEvent;)Z @ 4 c2

Classes redefined (0 events):
No events

Internal exceptions (10 events):
Event: 3449.077 Thread 0x000001d034e58000 Exception <a 'java/lang/NoSuchMethodError'{0x000000071a281a98}: java.lang.invoke.DirectMethodHandle$Holder.invokeSpecial(Ljava/lang/Object;Ljava/lang/Object;JLjava/lang/Object;Ljava/lang/Object;Ljava/lang/Object;Ljava/lang/Object;I)Ljava/lang/Object;> (0x
Event: 3449.077 Thread 0x000001d034e58000 Exception <a 'java/lang/NoSuchMethodError'{0x000000071a284f40}: java.lang.invoke.DelegatingMethodHandle$Holder.reinvoke_L(Ljava/lang/Object;JLjava/lang/Object;Ljava/lang/Object;Ljava/lang/Object;Ljava/lang/Object;I)Ljava/lang/Object;> (0x000000071a284f40)
Event: 3449.079 Thread 0x000001d034e58000 Exception <a 'java/lang/NoSuchMethodError'{0x000000071a29e178}: java.lang.invoke.DirectMethodHandle$Holder.invokeSpecial(Ljava/lang/Object;Ljava/lang/Object;Ljava/lang/Object;Ljava/lang/Object;Ljava/lang/Object;Ljava/lang/Object;I)Ljava/lang/Object;> (0x0
Event: 3449.088 Thread 0x000001d034e58000 Implicit null exception at 0x000001d01f95f285 to 0x000001d01f95f582
Event: 3449.133 Thread 0x000001d034e58000 Implicit null exception at 0x000001d01fe5c64b to 0x000001d01fe5c71b
Event: 3449.164 Thread 0x000001d034e58000 Implicit null exception at 0x000001d01fbcf252 to 0x000001d01fbd1772
Event: 3453.359 Thread 0x000001d03da62000 Implicit null exception at 0x000001d01fd774b3 to 0x000001d01fd776de
Event: 3453.360 Thread 0x000001d03da62000 Implicit null exception at 0x000001d01ff48fba to 0x000001d01ff4ae56
Event: 3453.965 Thread 0x000001d03da62000 Implicit null exception at 0x000001d01fe12975 to 0x000001d01fe12cee
Event: 3620.789 Thread 0x000001d034e58000 Implicit null exception at 0x000001d01fc93130 to 0x000001d01fc9317b

Events (10 events):
Event: 3791.014 Thread 0x000001d033a9d000 flushing nmethod 0x000001d018d95d90
Event: 3791.015 Thread 0x000001d033a9d000 flushing nmethod 0x000001d018e64910
Event: 3791.015 Thread 0x000001d033a9d000 flushing nmethod 0x000001d018ecc810
Event: 3791.015 Thread 0x000001d033a9d000 flushing nmethod 0x000001d018ef0190
Event: 3791.015 Thread 0x000001d033a9d000 flushing nmethod 0x000001d018f3aa10
Event: 3791.017 Thread 0x000001d033a9d000 flushing nmethod 0x000001d01965ad90
Event: 3791.017 Thread 0x000001d033a9d000 flushing nmethod 0x000001d01966a590
Event: 3791.017 Thread 0x000001d033a9d000 flushing nmethod 0x000001d019688a10
Event: 3791.018 Thread 0x000001d033a9d000 flushing nmethod 0x000001d0196a8f90
Event: 3791.018 Thread 0x000001d033a9d000 flushing nmethod 0x000001d0196acd10


Dynamic libraries:
0x00007ff7c3740000 - 0x00007ff7c374d000 	C:\Program Files\BellSoft\LibericaJDK-12\bin\java.exe
0x00007ff999d70000 - 0x00007ff999f87000 	C:\WINDOWS\SYSTEM32\ntdll.dll
0x00007ff998180000 - 0x00007ff998244000 	C:\WINDOWS\System32\KERNEL32.DLL
0x00007ff9974d0000 - 0x00007ff997877000 	C:\WINDOWS\System32\KERNELBASE.dll
0x00007ff997950000 - 0x00007ff997a61000 	C:\WINDOWS\System32\ucrtbase.dll
0x00007ff9847d0000 - 0x00007ff9847e5000 	C:\Program Files\BellSoft\LibericaJDK-12\bin\VCRUNTIME140.dll
0x00007ff992980000 - 0x00007ff992997000 	C:\Program Files\BellSoft\LibericaJDK-12\bin\jli.dll
0x00007ff997c80000 - 0x00007ff997e2e000 	C:\WINDOWS\System32\USER32.dll
0x00007ff987550000 - 0x00007ff9877e3000 	C:\WINDOWS\WinSxS\amd64_microsoft.windows.common-controls_6595b64144ccf1df_6.0.22621.3527_none_270e469b73872a76\COMCTL32.dll
0x00007ff997880000 - 0x00007ff9978a6000 	C:\WINDOWS\System32\win32u.dll
0x00007ff999ac0000 - 0x00007ff999b67000 	C:\WINDOWS\System32\msvcrt.dll
0x00007ff998fa0000 - 0x00007ff998fc9000 	C:\WINDOWS\System32\GDI32.dll
0x00007ff997150000 - 0x00007ff997269000 	C:\WINDOWS\System32\gdi32full.dll
0x00007ff9978b0000 - 0x00007ff99794a000 	C:\WINDOWS\System32\msvcp_win.dll
0x00007ff998530000 - 0x00007ff998561000 	C:\WINDOWS\System32\IMM32.DLL
0x00007ff931c00000 - 0x00007ff931c9b000 	C:\Program Files\BellSoft\LibericaJDK-12\bin\msvcp140.dll
0x00007ff931e40000 - 0x00007ff9329eb000 	C:\Program Files\BellSoft\LibericaJDK-12\bin\server\jvm.dll
0x00007ff998050000 - 0x00007ff998102000 	C:\WINDOWS\System32\ADVAPI32.dll
0x00007ff999a10000 - 0x00007ff999ab8000 	C:\WINDOWS\System32\sechost.dll
0x00007ff997a70000 - 0x00007ff997a98000 	C:\WINDOWS\System32\bcrypt.dll
0x00007ff998250000 - 0x00007ff998365000 	C:\WINDOWS\System32\RPCRT4.dll
0x00007ff998ff0000 - 0x00007ff998ff8000 	C:\WINDOWS\System32\PSAPI.DLL
0x00007ff989bf0000 - 0x00007ff989bf9000 	C:\WINDOWS\SYSTEM32\WSOCK32.dll
0x00007ff998420000 - 0x00007ff998491000 	C:\WINDOWS\System32\WS2_32.dll
0x00007ff990180000 - 0x00007ff9901b4000 	C:\WINDOWS\SYSTEM32\WINMM.dll
0x00007ff98f5d0000 - 0x00007ff98f5da000 	C:\WINDOWS\SYSTEM32\VERSION.dll
0x00007ff996070000 - 0x00007ff996088000 	C:\WINDOWS\SYSTEM32\kernel.appcore.dll
0x00007ff9847c0000 - 0x00007ff9847d0000 	C:\Program Files\BellSoft\LibericaJDK-12\bin\verify.dll
0x00007ff98e660000 - 0x00007ff98e893000 	C:\WINDOWS\SYSTEM32\DBGHELP.DLL
0x00007ff998c10000 - 0x00007ff998f98000 	C:\WINDOWS\System32\combase.dll
0x00007ff997aa0000 - 0x00007ff997b77000 	C:\WINDOWS\System32\OLEAUT32.dll
0x00007ff982490000 - 0x00007ff9824c2000 	C:\WINDOWS\SYSTEM32\dbgcore.DLL
0x00007ff9973e0000 - 0x00007ff997459000 	C:\WINDOWS\System32\bcryptPrimitives.dll
0x00007ff940580000 - 0x00007ff9405a6000 	C:\Program Files\BellSoft\LibericaJDK-12\bin\java.dll
0x00007ff938600000 - 0x00007ff938617000 	C:\Program Files\BellSoft\LibericaJDK-12\bin\zip.dll
0x00007ff984370000 - 0x00007ff98437a000 	C:\Program Files\BellSoft\LibericaJDK-12\bin\jimage.dll
0x00007ff999000000 - 0x00007ff99985c000 	C:\WINDOWS\System32\SHELL32.dll
0x00007ff994f80000 - 0x00007ff995876000 	C:\WINDOWS\SYSTEM32\windows.storage.dll
0x00007ff994e40000 - 0x00007ff994f7e000 	C:\WINDOWS\SYSTEM32\wintypes.dll
0x00007ff997b80000 - 0x00007ff997c75000 	C:\WINDOWS\System32\SHCORE.dll
0x00007ff998120000 - 0x00007ff99817e000 	C:\WINDOWS\System32\shlwapi.dll
0x00007ff996fc0000 - 0x00007ff996fe1000 	C:\WINDOWS\SYSTEM32\profapi.dll
0x00007ff938420000 - 0x00007ff938439000 	C:\Program Files\BellSoft\LibericaJDK-12\bin\net.dll
0x00007ff991770000 - 0x00007ff9918a6000 	C:\WINDOWS\SYSTEM32\WINHTTP.dll
0x00007ff98a6a0000 - 0x00007ff98a890000 	C:\WINDOWS\SYSTEM32\urlmon.dll
0x00007ff98a3b0000 - 0x00007ff98a66c000 	C:\WINDOWS\SYSTEM32\iertutil.dll
0x00007ff98a670000 - 0x00007ff98a698000 	C:\WINDOWS\SYSTEM32\srvcli.dll
0x00007ff995ad0000 - 0x00007ff995adc000 	C:\WINDOWS\SYSTEM32\netutils.dll
0x00007ff9964d0000 - 0x00007ff996539000 	C:\WINDOWS\system32\mswsock.dll
0x00007ff937f40000 - 0x00007ff937f53000 	C:\Program Files\BellSoft\LibericaJDK-12\bin\nio.dll
0x00007ff931ca0000 - 0x00007ff931e39000 	C:\Program Files\BellSoft\LibericaJDK-12\bin\awt.dll
0x00007ff993220000 - 0x00007ff99380e000 	C:\WINDOWS\SYSTEM32\d2d1.dll
0x00007ff9943d0000 - 0x00007ff994467000 	C:\WINDOWS\SYSTEM32\apphelp.dll
0x00007ff9945a0000 - 0x00007ff99464b000 	C:\WINDOWS\system32\uxtheme.dll
0x00007ff997e90000 - 0x00007ff997fe3000 	C:\WINDOWS\System32\MSCTF.dll
0x00007ff999860000 - 0x00007ff999a05000 	C:\WINDOWS\System32\ole32.dll
0x00007ff9947f0000 - 0x00007ff99481b000 	C:\WINDOWS\system32\DWMAPI.DLL
0x00007ff989c60000 - 0x00007ff989d13000 	C:\WINDOWS\WinSxS\amd64_microsoft.windows.common-controls_6595b64144ccf1df_5.82.22621.3527_none_b43b7f4b638cc64f\comctl32.dll
0x00007ff931a80000 - 0x00007ff931b00000 	C:\Program Files\BellSoft\LibericaJDK-12\bin\freetype.dll
0x00007ff9319d0000 - 0x00007ff931a76000 	C:\Program Files\BellSoft\LibericaJDK-12\bin\fontmanager.dll
0x00007ff931b00000 - 0x00007ff931c00000 	C:\WINDOWS\system32\opengl32.dll
0x00007ff937cf0000 - 0x00007ff937d1d000 	C:\WINDOWS\SYSTEM32\GLU32.dll
0x00007ff9946a0000 - 0x00007ff9946d9000 	C:\WINDOWS\SYSTEM32\dxcore.dll
0x00007ff9682f0000 - 0x00007ff968499000 	C:\WINDOWS\system32\d3d9.dll
0x00007ff98cf00000 - 0x00007ff98d0bb000 	C:\WINDOWS\System32\DriverStore\FileRepository\u0390451.inf_amd64_39377efdd62734d1\B390182\aticfx64.dll
0x00007ff938680000 - 0x00007ff9386b4000 	C:\WINDOWS\System32\DriverStore\FileRepository\u0390451.inf_amd64_39377efdd62734d1\B390182\atiu9p64.dll
0x00007ff936340000 - 0x00007ff937095000 	C:\WINDOWS\System32\DriverStore\FileRepository\u0390451.inf_amd64_39377efdd62734d1\B390182\atiumd64.dll
0x0000000069b30000 - 0x000000006aa57000 	C:\WINDOWS\System32\DriverStore\FileRepository\u0390451.inf_amd64_39377efdd62734d1\B390182\atiumd6a.dll
0x00007ff998570000 - 0x00007ff9989e4000 	C:\WINDOWS\System32\SETUPAPI.dll
0x00007ff996da0000 - 0x00007ff996ded000 	C:\WINDOWS\SYSTEM32\POWRPROF.dll
0x00007ff996cd0000 - 0x00007ff996ce3000 	C:\WINDOWS\SYSTEM32\UMPDC.dll
0x00007ff98ac30000 - 0x00007ff98ac65000 	C:\WINDOWS\SYSTEM32\amdihk64.dll
0x00007ff991280000 - 0x00007ff9912ca000 	C:\WINDOWS\SYSTEM32\directxdatabasehelper.dll
0x00007ff998af0000 - 0x00007ff998ba0000 	C:\WINDOWS\System32\clbcatq.dll
0x00007ff991e80000 - 0x00007ff991f81000 	C:\WINDOWS\SYSTEM32\PROPSYS.dll
0x00007ff984b70000 - 0x00007ff984c19000 	C:\Windows\System32\Windows.FileExplorer.Common.dll
0x00007ff996d20000 - 0x00007ff996d6e000 	C:\WINDOWS\SYSTEM32\CFGMGR32.dll
0x00007ff9845d0000 - 0x00007ff9845ea000 	C:\WINDOWS\system32\NetworkExplorer.dll
0x00007ff98eba0000 - 0x00007ff98ecd5000 	C:\Windows\System32\Windows.System.Launcher.dll
0x00007ff992560000 - 0x00007ff9925f3000 	C:\Windows\System32\msvcp110_win.dll
0x00007ff98f720000 - 0x00007ff98f73a000 	C:\WINDOWS\SYSTEM32\windows.staterepositorycore.dll
0x00007ff985820000 - 0x00007ff98583e000 	C:\WINDOWS\SYSTEM32\MPR.dll
0x00007ff97d820000 - 0x00007ff97d849000 	C:\WINDOWS\System32\p9np.dll
0x00007ff9916b0000 - 0x00007ff9916bc000 	C:\WINDOWS\System32\drprov.dll
0x00007ff97a290000 - 0x00007ff97a2b2000 	C:\WINDOWS\System32\ntlanman.dll
0x00007ff97fe10000 - 0x00007ff97fe2f000 	C:\WINDOWS\System32\davclnt.dll
0x00007ff9968a0000 - 0x00007ff996906000 	C:\WINDOWS\System32\WINSTA.dll
0x00007ff990d30000 - 0x00007ff990d4a000 	C:\WINDOWS\System32\wkscli.dll
0x00007ff982a40000 - 0x00007ff982a52000 	C:\WINDOWS\SYSTEM32\cscapi.dll
0x00007ff973070000 - 0x00007ff9730c6000 	C:\Windows\System32\dlnashext.dll
0x00007ff991620000 - 0x00007ff991689000 	C:\Windows\System32\PlayToDevice.dll
0x00007ff97be60000 - 0x00007ff97be81000 	C:\Windows\System32\DevDispItemProvider.dll
0x00007ff98ad40000 - 0x00007ff98addd000 	C:\WINDOWS\System32\MMDevApi.dll
0x00007ff996cf0000 - 0x00007ff996d1c000 	C:\WINDOWS\System32\DEVOBJ.dll
0x00007ff96b820000 - 0x00007ff96b8c2000 	C:\WINDOWS\system32\wpdshext.dll
0x00007ff986d60000 - 0x00007ff986f1a000 	C:\WINDOWS\WinSxS\amd64_microsoft.windows.gdiplus_6595b64144ccf1df_1.1.22621.3527_none_57f93980ce19a444\gdiplus.dll
0x00007ff969a20000 - 0x00007ff969abe000 	C:\Windows\System32\PortableDeviceApi.dll
0x00007ff997460000 - 0x00007ff9974cb000 	C:\WINDOWS\System32\WINTRUST.dll
0x00007ff997270000 - 0x00007ff9973d7000 	C:\WINDOWS\System32\CRYPT32.dll
0x00007ff996870000 - 0x00007ff996882000 	C:\WINDOWS\SYSTEM32\MSASN1.dll
0x00007ff975ac0000 - 0x00007ff975af7000 	C:\Windows\System32\EhStorShell.dll
0x00007ff992890000 - 0x00007ff9928b4000 	C:\Windows\System32\EhStorAPI.dll
0x00007ff995e30000 - 0x00007ff995e44000 	C:\Windows\System32\WTSAPI32.dll
0x00007ff9918b0000 - 0x00007ff9918bd000 	C:\WINDOWS\SYSTEM32\LINKINFO.dll
0x00007ff992830000 - 0x00007ff99283d000 	C:\Program Files\BellSoft\LibericaJDK-12\bin\sunmscapi.dll
0x00007ff9969b0000 - 0x00007ff9969de000 	C:\WINDOWS\SYSTEM32\ncrypt.dll
0x00007ff996970000 - 0x00007ff9969a7000 	C:\WINDOWS\SYSTEM32\NTASN1.dll
0x00007ff97f370000 - 0x00007ff97f396000 	C:\Program Files\BellSoft\LibericaJDK-12\bin\sunec.dll
0x00007ff992df0000 - 0x00007ff992fa0000 	C:\WINDOWS\SYSTEM32\WindowsCodecs.dll
0x00007ff97a820000 - 0x00007ff97a87e000 	C:\WINDOWS\system32\dataexchange.dll
0x00007ff98db30000 - 0x00007ff98ddbb000 	C:\WINDOWS\system32\twinapi.appcore.dll
0x000001d036070000 - 0x000001d036073000 	C:\Program Files\BellSoft\LibericaJDK-12\bin\api-ms-win-core-console-l1-1-0.dll
0x000001d036080000 - 0x000001d036083000 	C:\Program Files\BellSoft\LibericaJDK-12\bin\api-ms-win-core-datetime-l1-1-0.dll
0x000001d035db0000 - 0x000001d035db3000 	C:\Program Files\BellSoft\LibericaJDK-12\bin\api-ms-win-core-debug-l1-1-0.dll
0x000001d035dc0000 - 0x000001d035dc3000 	C:\Program Files\BellSoft\LibericaJDK-12\bin\api-ms-win-core-errorhandling-l1-1-0.dll
0x000001d035dd0000 - 0x000001d035dd4000 	C:\Program Files\BellSoft\LibericaJDK-12\bin\api-ms-win-core-file-l1-1-0.dll
0x000001d035de0000 - 0x000001d035de3000 	C:\Program Files\BellSoft\LibericaJDK-12\bin\api-ms-win-core-file-l1-2-0.dll
0x000001d035df0000 - 0x000001d035df3000 	C:\Program Files\BellSoft\LibericaJDK-12\bin\api-ms-win-core-file-l2-1-0.dll
0x000001d035e00000 - 0x000001d035e03000 	C:\Program Files\BellSoft\LibericaJDK-12\bin\api-ms-win-core-handle-l1-1-0.dll
0x000001d035e10000 - 0x000001d035e13000 	C:\Program Files\BellSoft\LibericaJDK-12\bin\api-ms-win-core-heap-l1-1-0.dll
0x000001d035e20000 - 0x000001d035e23000 	C:\Program Files\BellSoft\LibericaJDK-12\bin\api-ms-win-core-interlocked-l1-1-0.dll
0x000001d035e30000 - 0x000001d035e33000 	C:\Program Files\BellSoft\LibericaJDK-12\bin\api-ms-win-core-libraryloader-l1-1-0.dll
0x000001d035e40000 - 0x000001d035e43000 	C:\Program Files\BellSoft\LibericaJDK-12\bin\api-ms-win-core-localization-l1-2-0.dll
0x000001d035e50000 - 0x000001d035e53000 	C:\Program Files\BellSoft\LibericaJDK-12\bin\api-ms-win-core-memory-l1-1-0.dll
0x000001d035e60000 - 0x000001d035e63000 	C:\Program Files\BellSoft\LibericaJDK-12\bin\api-ms-win-core-namedpipe-l1-1-0.dll
0x000001d035e70000 - 0x000001d035e73000 	C:\Program Files\BellSoft\LibericaJDK-12\bin\api-ms-win-core-processenvironment-l1-1-0.dll
0x000001d035e80000 - 0x000001d035e83000 	C:\Program Files\BellSoft\LibericaJDK-12\bin\api-ms-win-core-processthreads-l1-1-0.dll
0x000001d035e90000 - 0x000001d035e93000 	C:\Program Files\BellSoft\LibericaJDK-12\bin\api-ms-win-core-processthreads-l1-1-1.dll

dbghelp: loaded successfully - version: 4.0.5 - missing functions: none
symbol engine: initialized successfully - sym options: 0x614 - pdb path: .;C:\Program Files\BellSoft\LibericaJDK-12\bin;C:\WINDOWS\SYSTEM32;C:\WINDOWS\WinSxS\amd64_microsoft.windows.common-controls_6595b64144ccf1df_6.0.22621.3527_none_270e469b73872a76;C:\Program Files\BellSoft\LibericaJDK-12\bin\server;C:\WINDOWS\WinSxS\amd64_microsoft.windows.common-controls_6595b64144ccf1df_5.82.22621.3527_none_b43b7f4b638cc64f;C:\WINDOWS\System32\DriverStore\FileRepository\u0390451.inf_amd64_39377efdd62734d1\B390182;C:\WINDOWS\WinSxS\amd64_microsoft.windows.gdiplus_6595b64144ccf1df_1.1.22621.3527_none_57f93980ce19a444;C:\WINDOWS\system32\spool\DRIVERS\x64\3

VM Arguments:
jvm_args: -Dfile.encoding=UTF-8 
java_command: simrskhanza.SIMRSKhanza
java_class_path (initial): E:\SIMRS-Khanza-master 0210203 - Copy\SIMRS-Khanza-master\lib\commons-codec-1.10.jar;E:\SIMRS-Khanza-master 0210203 - Copy\SIMRS-Khanza-master\lib\commons-codec-1.12.jar;E:\SIMRS-Khanza-master 0210203 - Copy\SIMRS-Khanza-master\lib\KhanzaSecurity16bit.jar;E:\SIMRS-Khanza-master 0210203 - Copy\SIMRS-Khanza-master\lib\RXTXcomm.jar;E:\SIMRS-Khanza-master 0210203 - Copy\SIMRS-Khanza-master\lib\SceneBuilderKit-8.2.0.jar;E:\SIMRS-Khanza-master 0210203 - Copy\SIMRS-Khanza-master\lib\TimingFramework-1.0.jar;E:\SIMRS-Khanza-master 0210203 - Copy\SIMRS-Khanza-master\lib\UsuLibrary.jar;E:\SIMRS-Khanza-master 0210203 - Copy\SIMRS-Khanza-master\lib\activation-1.1.1.jar;E:\SIMRS-Khanza-master 0210203 - Copy\SIMRS-Khanza-master\lib\ant-1.7.1.jar;E:\SIMRS-Khanza-master 0210203 - Copy\SIMRS-Khanza-master\lib\antlr-2.7.6.jar;E:\SIMRS-Khanza-master 0210203 - Copy\SIMRS-Khanza-master\lib\apache-httpcomponents-httpclient.jar;E:\SIMRS-Khanza-master 0210203 - Copy\SIMRS-Khanza-master\lib\appframework-1.0.3.jar;E:\SIMRS-Khanza-master 0210203 - Copy\SIMRS-Khanza-master\lib\asm-attrs.jar;E:\SIMRS-Khanza-master 0210203 - Copy\SIMRS-Khanza-master\lib\asm.jar;E:\SIMRS-Khanza-master 0210203 - Copy\SIMRS-Khanza-master\lib\barbecue-1.5-beta1.jar;E:\SIMRS-Khanza-master 0210203 - Copy\SIMRS-Khanza-master\lib\barcode4j-2.1.jar;E:\SIMRS-Khanza-master 0210203 - Copy\SIMRS-Khanza-master\lib\batik-all-1.11.jar;E:\SIMRS-Khanza-master 0210203 - Copy\SIMRS-Khanza-master\lib\batik-anim-1.11.jar;E:\SIMRS-Khanza-master 0210203 - Copy\SIMRS-Khanza-master\lib\batik-anim-1.13.jar;E:\SIMRS-Khanza-master 0210203 - Copy\SIMRS-Khanza-master\lib\batik-awt-util-1.11.jar;E:\SIMRS-Khanza-master 0210203 - Copy\SIMRS-Khanza-master\lib\batik-awt-util-1.13.jar;E:\SIMRS-Khanza-master 0210203 - Copy\SIMRS-Khanza-master\lib\batik-bridge-1.11.jar;E:\SIMRS-Khanza-master 0210203 - Copy\SIMRS-Khanza-master\lib\batik-codec-1.11.jar;E:\SIMRS-Khanza-master 0210203 - Copy\SIMRS-Khanza-master\lib\batik-const
Launcher Type: SUN_STANDARD

[Global flags]
     intx CICompilerCount                          = 4                                         {product} {ergonomic}
     uint ConcGCThreads                            = 3                                         {product} {ergonomic}
     uint G1ConcRefinementThreads                  = 10                                        {product} {ergonomic}
   size_t G1HeapRegionSize                         = 1048576                                   {product} {ergonomic}
    uintx GCDrainStackTargetSize                   = 64                                        {product} {ergonomic}
   size_t InitialHeapSize                          = 257949696                                 {product} {ergonomic}
   size_t MarkStackSize                            = 4194304                                   {product} {ergonomic}
   size_t MaxHeapSize                              = 4127195136                                {product} {ergonomic}
   size_t MaxNewSize                               = 2475687936                                {product} {ergonomic}
   size_t MinHeapDeltaBytes                        = 1048576                                   {product} {ergonomic}
    uintx NonNMethodCodeHeapSize                   = 5836300                                {pd product} {ergonomic}
    uintx NonProfiledCodeHeapSize                  = 122910970                              {pd product} {ergonomic}
    uintx ProfiledCodeHeapSize                     = 122910970                              {pd product} {ergonomic}
    uintx ReservedCodeCacheSize                    = 251658240                              {pd product} {ergonomic}
     bool SegmentedCodeCache                       = true                                      {product} {ergonomic}
     bool UseCompressedClassPointers               = true                                 {lp64_product} {ergonomic}
     bool UseCompressedOops                        = true                                 {lp64_product} {ergonomic}
     bool UseG1GC                                  = true                                      {product} {ergonomic}
     bool UseLargePagesIndividualAllocation        = false                                  {pd product} {ergonomic}

Logging:
Log output configuration:
 #0: stdout all=warning uptime,level,tags
 #1: stderr all=off uptime,level,tags

Environment Variables:
JAVA_HOME=C:\Program Files\BellSoft\LibericaJDK-12\
PATH=C:\Program Files\BellSoft\LibericaJDK-12\bin\;C:\Program Files (x86)\Common Files\Intel\Shared Libraries\redist\intel64\compiler;C:\WINDOWS\system32;C:\WINDOWS;C:\WINDOWS\System32\Wbem;C:\WINDOWS\System32\WindowsPowerShell\v1.0\;C:\WINDOWS\System32\OpenSSH\;C:\Program Files\Git\cmd;C:\Program Files\Cloudflare\Cloudflare WARP\;C:\Program Files\PuTTY\;C:\Program Files\dotnet\;C:\Users\USER\AppData\Local\Microsoft\WindowsApps;C:\Users\USER\AppData\Local\GitHubDesktop\bin;C:\Program Files\Azure Data Studio\bin;C:\Users\USER\AppData\Local\Programs\Microsoft VS Code\bin
USERNAME=USER
OS=Windows_NT
PROCESSOR_IDENTIFIER=AMD64 Family 25 Model 80 Stepping 0, AuthenticAMD



---------------  S Y S T E M  ---------------

OS: Windows 10 , 64 bit Build 22621 (10.0.22621.3527)

CPU:total 12 (initial active 12) (12 cores per cpu, 2 threads per core) family 25 model 80 stepping 0, cmov, cx8, fxsr, mmx, sse, sse2, sse3, ssse3, sse4.1, sse4.2, popcnt, avx, avx2, aes, clmul, erms, mmxext, 3dnowpref, lzcnt, sse4a, ht, tsc, tscinvbit, tscinv, bmi1, bmi2, adx, sha, fma

Memory: 4k page, system-wide physical 15742M (281M free)
TotalPageFile size 46901M (AvailPageFile size 0M)
current process WorkingSet (physical memory assigned to process): 475M, peak: 544M
current process commit charge ("private bytes"): 737M, peak: 794M

vm_info: OpenJDK 64-Bit Server VM (12.0.2-BellSoft+10) for windows-amd64 JRE (12.0.2-BellSoft+10), built on Jul 17 2019 07:57:13 by "" with unknown MS VC++:1916

END.
