#
# There is insufficient memory for the Java Runtime Environment to continue.
# Native memory allocation (malloc) failed to allocate 1048576 bytes for AllocateHeap
# Possible reasons:
#   The system is out of physical RAM or swap space
#   The process is running with CompressedOops enabled, and the Java Heap may be blocking the growth of the native heap
# Possible solutions:
#   Reduce memory load on the system
#   Increase physical memory or swap space
#   Check if swap backing store is full
#   Decrease Java heap size (-Xmx/-Xms)
#   Decrease number of Java threads
#   Decrease Java thread stack sizes (-Xss)
#   Set larger code cache with -XX:ReservedCodeCacheSize=
# This output file may be truncated or incomplete.
#
#  Out of Memory Error (c:/ws/workspace/jdk-12.0.2/label/windows-x86_64/type/b11/src/hotspot/share/memory/allocation.cpp:46), pid=16324, tid=9852
#
# JRE version:  (12.0.2+10) (build )
# Java VM: OpenJDK 64-Bit Server VM (12.0.2-BellSoft+10, mixed mode, aot, sharing, tiered, compressed oops, g1 gc, windows-amd64)
# No core dump will be written. Minidumps are not enabled by default on client versions of Windows
#

---------------  S U M M A R Y ------------

Command Line: -Dfile.encoding=UTF-8 simrskhanza.SIMRSKhanza

Host: AMD Ryzen 5 5600G with Radeon Graphics         , 12 cores, 15G,  Windows 10 , 64 bit Build 22621 (10.0.22621.3527)
Time: Wed May 15 11:22:18 2024 Malay Peninsula Standard Time elapsed time: 0 seconds (0d 0h 0m 0s)

---------------  T H R E A D  ---------------

Current thread (0x0000020aeeb7c800):  JavaThread "Unknown thread" [_thread_in_vm, id=9852, stack(0x000000b544d00000,0x000000b544e00000)]

Stack: [0x000000b544d00000,0x000000b544e00000]
Native frames: (J=compiled Java code, j=interpreted, Vv=VM code, C=native code)
V  [jvm.dll+0x5f783a]
V  [jvm.dll+0x7a3dce]
V  [jvm.dll+0x7a5540]
V  [jvm.dll+0x7a5ba3]
V  [jvm.dll+0x24a318]
V  [jvm.dll+0xb50bf]
V  [jvm.dll+0x2e78a6]
V  [jvm.dll+0x2e0715]
V  [jvm.dll+0x77cde7]
V  [jvm.dll+0x77e5a5]
V  [jvm.dll+0x35b769]
V  [jvm.dll+0x7617d3]
V  [jvm.dll+0x3c58cf]
V  [jvm.dll+0x3c7fa1]
C  [jli.dll+0x51fb]
C  [ucrtbase.dll+0x29333]
C  [KERNEL32.DLL+0x1257d]
C  [ntdll.dll+0x5aa48]


---------------  P R O C E S S  ---------------

Threads class SMR info:
_java_thread_list=0x00007ff9329490a8, length=0, elements={
}

Java Threads: ( => current thread )

Other Threads:
  0x0000020aeebde000 GCTaskThread "GC Thread#0" [stack: 0x000000b544e00000,0x000000b544f00000] [id=3012]

[error occurred during error reporting (printing all threads), id 0xc0000005, EXCEPTION_ACCESS_VIOLATION (0xc0000005) at pc=0x00007ff93212c370]

VM state:not at safepoint (not fully initialized)

VM Mutex/Monitor currently owned by a thread:  ([mutex/lock_event])
[0x0000020aeeb77f30] Heap_lock - owner thread: 0x0000020aeeb7c800

Heap address: 0x000000070a000000, size: 3936 MB, Compressed Oops mode: Non-zero based: 0x000000070a000000
Narrow klass base: 0x0000000000000000, Narrow klass shift: 0

GC Heap History (0 events):
No events

Deoptimization events (0 events):
No events

Classes redefined (0 events):
No events

Internal exceptions (0 events):
No events

Events (0 events):
No events


Dynamic libraries:
0x00007ff6295b0000 - 0x00007ff6295bd000 	C:\Program Files\BellSoft\LibericaJDK-12\bin\java.exe
0x00007ff999d70000 - 0x00007ff999f87000 	C:\WINDOWS\SYSTEM32\ntdll.dll
0x00007ff998180000 - 0x00007ff998244000 	C:\WINDOWS\System32\KERNEL32.DLL
0x00007ff9974d0000 - 0x00007ff997877000 	C:\WINDOWS\System32\KERNELBASE.dll
0x00007ff997950000 - 0x00007ff997a61000 	C:\WINDOWS\System32\ucrtbase.dll
0x00007ff9847d0000 - 0x00007ff9847e5000 	C:\Program Files\BellSoft\LibericaJDK-12\bin\VCRUNTIME140.dll
0x00007ff9929c0000 - 0x00007ff9929d7000 	C:\Program Files\BellSoft\LibericaJDK-12\bin\jli.dll
0x00007ff997c80000 - 0x00007ff997e2e000 	C:\WINDOWS\System32\USER32.dll
0x00007ff997880000 - 0x00007ff9978a6000 	C:\WINDOWS\System32\win32u.dll
0x00007ff987550000 - 0x00007ff9877e3000 	C:\WINDOWS\WinSxS\amd64_microsoft.windows.common-controls_6595b64144ccf1df_6.0.22621.3527_none_270e469b73872a76\COMCTL32.dll
0x00007ff998fa0000 - 0x00007ff998fc9000 	C:\WINDOWS\System32\GDI32.dll
0x00007ff999ac0000 - 0x00007ff999b67000 	C:\WINDOWS\System32\msvcrt.dll
0x00007ff997150000 - 0x00007ff997269000 	C:\WINDOWS\System32\gdi32full.dll
0x00007ff9978b0000 - 0x00007ff99794a000 	C:\WINDOWS\System32\msvcp_win.dll
0x00007ff998530000 - 0x00007ff998561000 	C:\WINDOWS\System32\IMM32.DLL
0x00007ff931c00000 - 0x00007ff931c9b000 	C:\Program Files\BellSoft\LibericaJDK-12\bin\msvcp140.dll
0x00007ff931e40000 - 0x00007ff9329eb000 	C:\Program Files\BellSoft\LibericaJDK-12\bin\server\jvm.dll
0x00007ff998050000 - 0x00007ff998102000 	C:\WINDOWS\System32\ADVAPI32.dll
0x00007ff999a10000 - 0x00007ff999ab8000 	C:\WINDOWS\System32\sechost.dll
0x00007ff997a70000 - 0x00007ff997a98000 	C:\WINDOWS\System32\bcrypt.dll
0x00007ff998250000 - 0x00007ff998365000 	C:\WINDOWS\System32\RPCRT4.dll
0x00007ff998ff0000 - 0x00007ff998ff8000 	C:\WINDOWS\System32\PSAPI.DLL
0x00007ff990180000 - 0x00007ff9901b4000 	C:\WINDOWS\SYSTEM32\WINMM.dll
0x00007ff989bf0000 - 0x00007ff989bf9000 	C:\WINDOWS\SYSTEM32\WSOCK32.dll
0x00007ff998420000 - 0x00007ff998491000 	C:\WINDOWS\System32\WS2_32.dll
0x00007ff98f5d0000 - 0x00007ff98f5da000 	C:\WINDOWS\SYSTEM32\VERSION.dll
0x00007ff996070000 - 0x00007ff996088000 	C:\WINDOWS\SYSTEM32\kernel.appcore.dll
0x00007ff9847c0000 - 0x00007ff9847d0000 	C:\Program Files\BellSoft\LibericaJDK-12\bin\verify.dll
0x00007ff98e660000 - 0x00007ff98e893000 	C:\WINDOWS\SYSTEM32\DBGHELP.DLL
0x00007ff998c10000 - 0x00007ff998f98000 	C:\WINDOWS\System32\combase.dll
0x00007ff997aa0000 - 0x00007ff997b77000 	C:\WINDOWS\System32\OLEAUT32.dll
0x00007ff982490000 - 0x00007ff9824c2000 	C:\WINDOWS\SYSTEM32\dbgcore.DLL
0x00007ff9973e0000 - 0x00007ff997459000 	C:\WINDOWS\System32\bcryptPrimitives.dll
0x00007ff940580000 - 0x00007ff9405a6000 	C:\Program Files\BellSoft\LibericaJDK-12\bin\java.dll
0x00007ff938600000 - 0x00007ff938617000 	C:\Program Files\BellSoft\LibericaJDK-12\bin\zip.dll
0x00007ff984370000 - 0x00007ff98437a000 	C:\Program Files\BellSoft\LibericaJDK-12\bin\jimage.dll

dbghelp: loaded successfully - version: 4.0.5 - missing functions: none
symbol engine: initialized successfully - sym options: 0x614 - pdb path: .;C:\Program Files\BellSoft\LibericaJDK-12\bin;C:\WINDOWS\SYSTEM32;C:\WINDOWS\WinSxS\amd64_microsoft.windows.common-controls_6595b64144ccf1df_6.0.22621.3527_none_270e469b73872a76;C:\Program Files\BellSoft\LibericaJDK-12\bin\server

VM Arguments:
jvm_args: -Dfile.encoding=UTF-8 
java_command: simrskhanza.SIMRSKhanza
java_class_path (initial): E:\SIMRS-Khanza-master 0210203 - Copy\SIMRS-Khanza-master\lib\commons-codec-1.10.jar;E:\SIMRS-Khanza-master 0210203 - Copy\SIMRS-Khanza-master\lib\commons-codec-1.12.jar;E:\SIMRS-Khanza-master 0210203 - Copy\SIMRS-Khanza-master\lib\KhanzaSecurity16bit.jar;E:\SIMRS-Khanza-master 0210203 - Copy\SIMRS-Khanza-master\lib\RXTXcomm.jar;E:\SIMRS-Khanza-master 0210203 - Copy\SIMRS-Khanza-master\lib\SceneBuilderKit-8.2.0.jar;E:\SIMRS-Khanza-master 0210203 - Copy\SIMRS-Khanza-master\lib\TimingFramework-1.0.jar;E:\SIMRS-Khanza-master 0210203 - Copy\SIMRS-Khanza-master\lib\UsuLibrary.jar;E:\SIMRS-Khanza-master 0210203 - Copy\SIMRS-Khanza-master\lib\activation-1.1.1.jar;E:\SIMRS-Khanza-master 0210203 - Copy\SIMRS-Khanza-master\lib\ant-1.7.1.jar;E:\SIMRS-Khanza-master 0210203 - Copy\SIMRS-Khanza-master\lib\antlr-2.7.6.jar;E:\SIMRS-Khanza-master 0210203 - Copy\SIMRS-Khanza-master\lib\apache-httpcomponents-httpclient.jar;E:\SIMRS-Khanza-master 0210203 - Copy\SIMRS-Khanza-master\lib\appframework-1.0.3.jar;E:\SIMRS-Khanza-master 0210203 - Copy\SIMRS-Khanza-master\lib\asm-attrs.jar;E:\SIMRS-Khanza-master 0210203 - Copy\SIMRS-Khanza-master\lib\asm.jar;E:\SIMRS-Khanza-master 0210203 - Copy\SIMRS-Khanza-master\lib\barbecue-1.5-beta1.jar;E:\SIMRS-Khanza-master 0210203 - Copy\SIMRS-Khanza-master\lib\barcode4j-2.1.jar;E:\SIMRS-Khanza-master 0210203 - Copy\SIMRS-Khanza-master\lib\batik-all-1.11.jar;E:\SIMRS-Khanza-master 0210203 - Copy\SIMRS-Khanza-master\lib\batik-anim-1.11.jar;E:\SIMRS-Khanza-master 0210203 - Copy\SIMRS-Khanza-master\lib\batik-anim-1.13.jar;E:\SIMRS-Khanza-master 0210203 - Copy\SIMRS-Khanza-master\lib\batik-awt-util-1.11.jar;E:\SIMRS-Khanza-master 0210203 - Copy\SIMRS-Khanza-master\lib\batik-awt-util-1.13.jar;E:\SIMRS-Khanza-master 0210203 - Copy\SIMRS-Khanza-master\lib\batik-bridge-1.11.jar;E:\SIMRS-Khanza-master 0210203 - Copy\SIMRS-Khanza-master\lib\batik-codec-1.11.jar;E:\SIMRS-Khanza-master 0210203 - Copy\SIMRS-Khanza-master\lib\batik-const
Launcher Type: SUN_STANDARD

[Global flags]
     intx CICompilerCount                          = 4                                         {product} {ergonomic}
     uint ConcGCThreads                            = 3                                         {product} {ergonomic}
     uint G1ConcRefinementThreads                  = 10                                        {product} {ergonomic}
   size_t G1HeapRegionSize                         = 1048576                                   {product} {ergonomic}
    uintx GCDrainStackTargetSize                   = 64                                        {product} {ergonomic}
   size_t InitialHeapSize                          = 257949696                                 {product} {ergonomic}
   size_t MarkStackSize                            = 4194304                                   {product} {ergonomic}
   size_t MaxHeapSize                              = 4127195136                                {product} {ergonomic}
   size_t MinHeapDeltaBytes                        = 1048576                                   {product} {ergonomic}
    uintx NonNMethodCodeHeapSize                   = 5836300                                {pd product} {ergonomic}
    uintx NonProfiledCodeHeapSize                  = 122910970                              {pd product} {ergonomic}
    uintx ProfiledCodeHeapSize                     = 122910970                              {pd product} {ergonomic}
    uintx ReservedCodeCacheSize                    = 251658240                              {pd product} {ergonomic}
     bool SegmentedCodeCache                       = true                                      {product} {ergonomic}
     bool UseCompressedClassPointers               = true                                 {lp64_product} {ergonomic}
     bool UseCompressedOops                        = true                                 {lp64_product} {ergonomic}
     bool UseG1GC                                  = true                                      {product} {ergonomic}
     bool UseLargePagesIndividualAllocation        = false                                  {pd product} {ergonomic}

Logging:
Log output configuration:
 #0: stdout all=warning uptime,level,tags
 #1: stderr all=off uptime,level,tags

Environment Variables:
JAVA_HOME=C:\Program Files\BellSoft\LibericaJDK-12\
PATH=C:\Program Files\BellSoft\LibericaJDK-12\bin\;C:\Program Files (x86)\Common Files\Intel\Shared Libraries\redist\intel64\compiler;C:\WINDOWS\system32;C:\WINDOWS;C:\WINDOWS\System32\Wbem;C:\WINDOWS\System32\WindowsPowerShell\v1.0\;C:\WINDOWS\System32\OpenSSH\;C:\Program Files\Git\cmd;C:\Program Files\Cloudflare\Cloudflare WARP\;C:\Program Files\PuTTY\;C:\Program Files\dotnet\;C:\Users\USER\AppData\Local\Microsoft\WindowsApps;C:\Users\USER\AppData\Local\GitHubDesktop\bin;C:\Program Files\Azure Data Studio\bin;C:\Users\USER\AppData\Local\Programs\Microsoft VS Code\bin
USERNAME=USER
OS=Windows_NT
PROCESSOR_IDENTIFIER=AMD64 Family 25 Model 80 Stepping 0, AuthenticAMD



---------------  S Y S T E M  ---------------

OS: Windows 10 , 64 bit Build 22621 (10.0.22621.3527)

CPU:total 12 (initial active 12) (12 cores per cpu, 2 threads per core) family 25 model 80 stepping 0, cmov, cx8, fxsr, mmx, sse, sse2, sse3, ssse3, sse4.1, sse4.2, popcnt, avx, avx2, aes, clmul, erms, mmxext, 3dnowpref, lzcnt, sse4a, ht, tsc, tscinvbit, tscinv, bmi1, bmi2, adx, sha, fma

Memory: 4k page, system-wide physical 15742M (1085M free)
TotalPageFile size 46901M (AvailPageFile size 5M)
current process WorkingSet (physical memory assigned to process): 11M, peak: 11M
current process commit charge ("private bytes"): 56M, peak: 57M

vm_info: OpenJDK 64-Bit Server VM (12.0.2-BellSoft+10) for windows-amd64 JRE (12.0.2-BellSoft+10), built on Jul 17 2019 07:57:13 by "" with unknown MS VC++:1916

END.
